Archive member included to satisfy reference by file (symbol)

c:/st/stm32cubeide_1.12.1/stm32cubeide/plugins/com.st.stm32cube.ide.mcu.externaltools.gnu-tools-for-stm32.10.3-2021.10.win32_1.0.200.202301161003/tools/bin/../lib/gcc/arm-none-eabi/10.3.1/../../../../arm-none-eabi/lib/thumb/v7-m/nofp\libc_nano.a(lib_a-errno.o)
                              ./Src/syscalls.o (__errno)
c:/st/stm32cubeide_1.12.1/stm32cubeide/plugins/com.st.stm32cube.ide.mcu.externaltools.gnu-tools-for-stm32.10.3-2021.10.win32_1.0.200.202301161003/tools/bin/../lib/gcc/arm-none-eabi/10.3.1/../../../../arm-none-eabi/lib/thumb/v7-m/nofp\libc_nano.a(lib_a-exit.o)
                              c:/st/stm32cubeide_1.12.1/stm32cubeide/plugins/com.st.stm32cube.ide.mcu.externaltools.gnu-tools-for-stm32.10.3-2021.10.win32_1.0.200.202301161003/tools/bin/../lib/gcc/arm-none-eabi/10.3.1/../../../../arm-none-eabi/lib/thumb/v7-m/nofp/crt0.o (exit)
c:/st/stm32cubeide_1.12.1/stm32cubeide/plugins/com.st.stm32cube.ide.mcu.externaltools.gnu-tools-for-stm32.10.3-2021.10.win32_1.0.200.202301161003/tools/bin/../lib/gcc/arm-none-eabi/10.3.1/../../../../arm-none-eabi/lib/thumb/v7-m/nofp\libc_nano.a(lib_a-impure.o)
                              c:/st/stm32cubeide_1.12.1/stm32cubeide/plugins/com.st.stm32cube.ide.mcu.externaltools.gnu-tools-for-stm32.10.3-2021.10.win32_1.0.200.202301161003/tools/bin/../lib/gcc/arm-none-eabi/10.3.1/../../../../arm-none-eabi/lib/thumb/v7-m/nofp\libc_nano.a(lib_a-exit.o) (_global_impure_ptr)
c:/st/stm32cubeide_1.12.1/stm32cubeide/plugins/com.st.stm32cube.ide.mcu.externaltools.gnu-tools-for-stm32.10.3-2021.10.win32_1.0.200.202301161003/tools/bin/../lib/gcc/arm-none-eabi/10.3.1/../../../../arm-none-eabi/lib/thumb/v7-m/nofp\libc_nano.a(lib_a-init.o)
                              c:/st/stm32cubeide_1.12.1/stm32cubeide/plugins/com.st.stm32cube.ide.mcu.externaltools.gnu-tools-for-stm32.10.3-2021.10.win32_1.0.200.202301161003/tools/bin/../lib/gcc/arm-none-eabi/10.3.1/../../../../arm-none-eabi/lib/thumb/v7-m/nofp/crt0.o (__libc_init_array)
c:/st/stm32cubeide_1.12.1/stm32cubeide/plugins/com.st.stm32cube.ide.mcu.externaltools.gnu-tools-for-stm32.10.3-2021.10.win32_1.0.200.202301161003/tools/bin/../lib/gcc/arm-none-eabi/10.3.1/../../../../arm-none-eabi/lib/thumb/v7-m/nofp\libc_nano.a(lib_a-memset.o)
                              c:/st/stm32cubeide_1.12.1/stm32cubeide/plugins/com.st.stm32cube.ide.mcu.externaltools.gnu-tools-for-stm32.10.3-2021.10.win32_1.0.200.202301161003/tools/bin/../lib/gcc/arm-none-eabi/10.3.1/../../../../arm-none-eabi/lib/thumb/v7-m/nofp/crt0.o (memset)

Discarded input sections

 .text          0x0000000000000000        0x0 c:/st/stm32cubeide_1.12.1/stm32cubeide/plugins/com.st.stm32cube.ide.mcu.externaltools.gnu-tools-for-stm32.10.3-2021.10.win32_1.0.200.202301161003/tools/bin/../lib/gcc/arm-none-eabi/10.3.1/thumb/v7-m/nofp/crti.o
 .data          0x0000000000000000        0x0 c:/st/stm32cubeide_1.12.1/stm32cubeide/plugins/com.st.stm32cube.ide.mcu.externaltools.gnu-tools-for-stm32.10.3-2021.10.win32_1.0.200.202301161003/tools/bin/../lib/gcc/arm-none-eabi/10.3.1/thumb/v7-m/nofp/crti.o
 .bss           0x0000000000000000        0x0 c:/st/stm32cubeide_1.12.1/stm32cubeide/plugins/com.st.stm32cube.ide.mcu.externaltools.gnu-tools-for-stm32.10.3-2021.10.win32_1.0.200.202301161003/tools/bin/../lib/gcc/arm-none-eabi/10.3.1/thumb/v7-m/nofp/crti.o
 .data          0x0000000000000000        0x4 c:/st/stm32cubeide_1.12.1/stm32cubeide/plugins/com.st.stm32cube.ide.mcu.externaltools.gnu-tools-for-stm32.10.3-2021.10.win32_1.0.200.202301161003/tools/bin/../lib/gcc/arm-none-eabi/10.3.1/thumb/v7-m/nofp/crtbegin.o
 .rodata        0x0000000000000000       0x24 c:/st/stm32cubeide_1.12.1/stm32cubeide/plugins/com.st.stm32cube.ide.mcu.externaltools.gnu-tools-for-stm32.10.3-2021.10.win32_1.0.200.202301161003/tools/bin/../lib/gcc/arm-none-eabi/10.3.1/thumb/v7-m/nofp/crtbegin.o
 .text          0x0000000000000000       0x7c c:/st/stm32cubeide_1.12.1/stm32cubeide/plugins/com.st.stm32cube.ide.mcu.externaltools.gnu-tools-for-stm32.10.3-2021.10.win32_1.0.200.202301161003/tools/bin/../lib/gcc/arm-none-eabi/10.3.1/../../../../arm-none-eabi/lib/thumb/v7-m/nofp/crt0.o
 .data          0x0000000000000000        0x0 c:/st/stm32cubeide_1.12.1/stm32cubeide/plugins/com.st.stm32cube.ide.mcu.externaltools.gnu-tools-for-stm32.10.3-2021.10.win32_1.0.200.202301161003/tools/bin/../lib/gcc/arm-none-eabi/10.3.1/../../../../arm-none-eabi/lib/thumb/v7-m/nofp/crt0.o
 .bss           0x0000000000000000        0x0 c:/st/stm32cubeide_1.12.1/stm32cubeide/plugins/com.st.stm32cube.ide.mcu.externaltools.gnu-tools-for-stm32.10.3-2021.10.win32_1.0.200.202301161003/tools/bin/../lib/gcc/arm-none-eabi/10.3.1/../../../../arm-none-eabi/lib/thumb/v7-m/nofp/crt0.o
 .ARM.extab     0x0000000000000000        0x0 c:/st/stm32cubeide_1.12.1/stm32cubeide/plugins/com.st.stm32cube.ide.mcu.externaltools.gnu-tools-for-stm32.10.3-2021.10.win32_1.0.200.202301161003/tools/bin/../lib/gcc/arm-none-eabi/10.3.1/../../../../arm-none-eabi/lib/thumb/v7-m/nofp/crt0.o
 .ARM.exidx     0x0000000000000000       0x10 c:/st/stm32cubeide_1.12.1/stm32cubeide/plugins/com.st.stm32cube.ide.mcu.externaltools.gnu-tools-for-stm32.10.3-2021.10.win32_1.0.200.202301161003/tools/bin/../lib/gcc/arm-none-eabi/10.3.1/../../../../arm-none-eabi/lib/thumb/v7-m/nofp/crt0.o
 .ARM.attributes
                0x0000000000000000       0x1b c:/st/stm32cubeide_1.12.1/stm32cubeide/plugins/com.st.stm32cube.ide.mcu.externaltools.gnu-tools-for-stm32.10.3-2021.10.win32_1.0.200.202301161003/tools/bin/../lib/gcc/arm-none-eabi/10.3.1/../../../../arm-none-eabi/lib/thumb/v7-m/nofp/crt0.o
 .group         0x0000000000000000        0xc ./ArefRTOS/src/ArefRTOS_CIRCULARQUEUE.o
 .group         0x0000000000000000        0xc ./ArefRTOS/src/ArefRTOS_CIRCULARQUEUE.o
 .group         0x0000000000000000        0xc ./ArefRTOS/src/ArefRTOS_CIRCULARQUEUE.o
 .group         0x0000000000000000        0xc ./ArefRTOS/src/ArefRTOS_CIRCULARQUEUE.o
 .group         0x0000000000000000        0xc ./ArefRTOS/src/ArefRTOS_CIRCULARQUEUE.o
 .group         0x0000000000000000        0xc ./ArefRTOS/src/ArefRTOS_CIRCULARQUEUE.o
 .group         0x0000000000000000        0xc ./ArefRTOS/src/ArefRTOS_CIRCULARQUEUE.o
 .group         0x0000000000000000        0xc ./ArefRTOS/src/ArefRTOS_CIRCULARQUEUE.o
 .group         0x0000000000000000        0xc ./ArefRTOS/src/ArefRTOS_CIRCULARQUEUE.o
 .group         0x0000000000000000        0xc ./ArefRTOS/src/ArefRTOS_CIRCULARQUEUE.o
 .group         0x0000000000000000        0xc ./ArefRTOS/src/ArefRTOS_CIRCULARQUEUE.o
 .group         0x0000000000000000        0xc ./ArefRTOS/src/ArefRTOS_CIRCULARQUEUE.o
 .group         0x0000000000000000        0xc ./ArefRTOS/src/ArefRTOS_CIRCULARQUEUE.o
 .group         0x0000000000000000        0xc ./ArefRTOS/src/ArefRTOS_CIRCULARQUEUE.o
 .group         0x0000000000000000        0xc ./ArefRTOS/src/ArefRTOS_CIRCULARQUEUE.o
 .group         0x0000000000000000        0xc ./ArefRTOS/src/ArefRTOS_CIRCULARQUEUE.o
 .group         0x0000000000000000        0xc ./ArefRTOS/src/ArefRTOS_CIRCULARQUEUE.o
 .group         0x0000000000000000        0xc ./ArefRTOS/src/ArefRTOS_CIRCULARQUEUE.o
 .group         0x0000000000000000        0xc ./ArefRTOS/src/ArefRTOS_CIRCULARQUEUE.o
 .text          0x0000000000000000        0x0 ./ArefRTOS/src/ArefRTOS_CIRCULARQUEUE.o
 .data          0x0000000000000000        0x0 ./ArefRTOS/src/ArefRTOS_CIRCULARQUEUE.o
 .bss           0x0000000000000000        0x0 ./ArefRTOS/src/ArefRTOS_CIRCULARQUEUE.o
 .group         0x0000000000000000        0xc ./ArefRTOS/src/ArefRTOS_PORTING.o
 .group         0x0000000000000000        0xc ./ArefRTOS/src/ArefRTOS_PORTING.o
 .group         0x0000000000000000        0xc ./ArefRTOS/src/ArefRTOS_PORTING.o
 .group         0x0000000000000000        0xc ./ArefRTOS/src/ArefRTOS_PORTING.o
 .group         0x0000000000000000        0xc ./ArefRTOS/src/ArefRTOS_PORTING.o
 .group         0x0000000000000000        0xc ./ArefRTOS/src/ArefRTOS_PORTING.o
 .group         0x0000000000000000        0xc ./ArefRTOS/src/ArefRTOS_PORTING.o
 .group         0x0000000000000000        0xc ./ArefRTOS/src/ArefRTOS_PORTING.o
 .group         0x0000000000000000        0xc ./ArefRTOS/src/ArefRTOS_PORTING.o
 .group         0x0000000000000000        0xc ./ArefRTOS/src/ArefRTOS_PORTING.o
 .group         0x0000000000000000        0xc ./ArefRTOS/src/ArefRTOS_PORTING.o
 .group         0x0000000000000000        0xc ./ArefRTOS/src/ArefRTOS_PORTING.o
 .group         0x0000000000000000        0xc ./ArefRTOS/src/ArefRTOS_PORTING.o
 .group         0x0000000000000000        0xc ./ArefRTOS/src/ArefRTOS_PORTING.o
 .group         0x0000000000000000        0xc ./ArefRTOS/src/ArefRTOS_PORTING.o
 .group         0x0000000000000000        0xc ./ArefRTOS/src/ArefRTOS_PORTING.o
 .group         0x0000000000000000        0xc ./ArefRTOS/src/ArefRTOS_PORTING.o
 .text          0x0000000000000000        0x0 ./ArefRTOS/src/ArefRTOS_PORTING.o
 .data          0x0000000000000000        0x0 ./ArefRTOS/src/ArefRTOS_PORTING.o
 .bss           0x0000000000000000        0x0 ./ArefRTOS/src/ArefRTOS_PORTING.o
 .debug_macro   0x0000000000000000      0xa72 ./ArefRTOS/src/ArefRTOS_PORTING.o
 .debug_macro   0x0000000000000000       0x40 ./ArefRTOS/src/ArefRTOS_PORTING.o
 .debug_macro   0x0000000000000000       0x10 ./ArefRTOS/src/ArefRTOS_PORTING.o
 .debug_macro   0x0000000000000000       0x16 ./ArefRTOS/src/ArefRTOS_PORTING.o
 .debug_macro   0x0000000000000000       0x22 ./ArefRTOS/src/ArefRTOS_PORTING.o
 .debug_macro   0x0000000000000000       0x22 ./ArefRTOS/src/ArefRTOS_PORTING.o
 .debug_macro   0x0000000000000000       0x8e ./ArefRTOS/src/ArefRTOS_PORTING.o
 .debug_macro   0x0000000000000000       0x51 ./ArefRTOS/src/ArefRTOS_PORTING.o
 .debug_macro   0x0000000000000000      0x103 ./ArefRTOS/src/ArefRTOS_PORTING.o
 .debug_macro   0x0000000000000000       0x6a ./ArefRTOS/src/ArefRTOS_PORTING.o
 .debug_macro   0x0000000000000000      0x1df ./ArefRTOS/src/ArefRTOS_PORTING.o
 .debug_macro   0x0000000000000000       0x1c ./ArefRTOS/src/ArefRTOS_PORTING.o
 .debug_macro   0x0000000000000000       0x22 ./ArefRTOS/src/ArefRTOS_PORTING.o
 .debug_macro   0x0000000000000000       0xdf ./ArefRTOS/src/ArefRTOS_PORTING.o
 .debug_macro   0x0000000000000000      0xd08 ./ArefRTOS/src/ArefRTOS_PORTING.o
 .debug_macro   0x0000000000000000       0x7c ./ArefRTOS/src/ArefRTOS_PORTING.o
 .debug_macro   0x0000000000000000       0x16 ./ArefRTOS/src/ArefRTOS_PORTING.o
 .group         0x0000000000000000        0xc ./ArefRTOS/src/ArefRTOS_SCHEDULER.o
 .group         0x0000000000000000        0xc ./ArefRTOS/src/ArefRTOS_SCHEDULER.o
 .group         0x0000000000000000        0xc ./ArefRTOS/src/ArefRTOS_SCHEDULER.o
 .group         0x0000000000000000        0xc ./ArefRTOS/src/ArefRTOS_SCHEDULER.o
 .group         0x0000000000000000        0xc ./ArefRTOS/src/ArefRTOS_SCHEDULER.o
 .group         0x0000000000000000        0xc ./ArefRTOS/src/ArefRTOS_SCHEDULER.o
 .group         0x0000000000000000        0xc ./ArefRTOS/src/ArefRTOS_SCHEDULER.o
 .group         0x0000000000000000        0xc ./ArefRTOS/src/ArefRTOS_SCHEDULER.o
 .group         0x0000000000000000        0xc ./ArefRTOS/src/ArefRTOS_SCHEDULER.o
 .group         0x0000000000000000        0xc ./ArefRTOS/src/ArefRTOS_SCHEDULER.o
 .group         0x0000000000000000        0xc ./ArefRTOS/src/ArefRTOS_SCHEDULER.o
 .group         0x0000000000000000        0xc ./ArefRTOS/src/ArefRTOS_SCHEDULER.o
 .group         0x0000000000000000        0xc ./ArefRTOS/src/ArefRTOS_SCHEDULER.o
 .group         0x0000000000000000        0xc ./ArefRTOS/src/ArefRTOS_SCHEDULER.o
 .group         0x0000000000000000        0xc ./ArefRTOS/src/ArefRTOS_SCHEDULER.o
 .group         0x0000000000000000        0xc ./ArefRTOS/src/ArefRTOS_SCHEDULER.o
 .group         0x0000000000000000        0xc ./ArefRTOS/src/ArefRTOS_SCHEDULER.o
 .group         0x0000000000000000        0xc ./ArefRTOS/src/ArefRTOS_SCHEDULER.o
 .group         0x0000000000000000        0xc ./ArefRTOS/src/ArefRTOS_SCHEDULER.o
 .text          0x0000000000000000        0x0 ./ArefRTOS/src/ArefRTOS_SCHEDULER.o
 .data          0x0000000000000000        0x0 ./ArefRTOS/src/ArefRTOS_SCHEDULER.o
 .bss           0x0000000000000000        0x0 ./ArefRTOS/src/ArefRTOS_SCHEDULER.o
 .bss.Global_pTasks
                0x0000000000000000       0x28 ./ArefRTOS/src/ArefRTOS_SCHEDULER.o
 .debug_macro   0x0000000000000000      0xa72 ./ArefRTOS/src/ArefRTOS_SCHEDULER.o
 .debug_macro   0x0000000000000000       0x40 ./ArefRTOS/src/ArefRTOS_SCHEDULER.o
 .debug_macro   0x0000000000000000       0x10 ./ArefRTOS/src/ArefRTOS_SCHEDULER.o
 .debug_macro   0x0000000000000000       0x16 ./ArefRTOS/src/ArefRTOS_SCHEDULER.o
 .debug_macro   0x0000000000000000       0x22 ./ArefRTOS/src/ArefRTOS_SCHEDULER.o
 .debug_macro   0x0000000000000000       0x22 ./ArefRTOS/src/ArefRTOS_SCHEDULER.o
 .debug_macro   0x0000000000000000       0x8e ./ArefRTOS/src/ArefRTOS_SCHEDULER.o
 .debug_macro   0x0000000000000000       0x51 ./ArefRTOS/src/ArefRTOS_SCHEDULER.o
 .debug_macro   0x0000000000000000      0x103 ./ArefRTOS/src/ArefRTOS_SCHEDULER.o
 .debug_macro   0x0000000000000000       0x6a ./ArefRTOS/src/ArefRTOS_SCHEDULER.o
 .debug_macro   0x0000000000000000      0x1df ./ArefRTOS/src/ArefRTOS_SCHEDULER.o
 .debug_macro   0x0000000000000000       0x1c ./ArefRTOS/src/ArefRTOS_SCHEDULER.o
 .debug_macro   0x0000000000000000       0x22 ./ArefRTOS/src/ArefRTOS_SCHEDULER.o
 .debug_macro   0x0000000000000000       0xdf ./ArefRTOS/src/ArefRTOS_SCHEDULER.o
 .debug_macro   0x0000000000000000      0xd08 ./ArefRTOS/src/ArefRTOS_SCHEDULER.o
 .debug_macro   0x0000000000000000       0x7c ./ArefRTOS/src/ArefRTOS_SCHEDULER.o
 .debug_macro   0x0000000000000000       0x16 ./ArefRTOS/src/ArefRTOS_SCHEDULER.o
 .debug_macro   0x0000000000000000       0x10 ./ArefRTOS/src/ArefRTOS_SCHEDULER.o
 .debug_macro   0x0000000000000000       0x10 ./ArefRTOS/src/ArefRTOS_SCHEDULER.o
 .group         0x0000000000000000        0xc ./MCAL/src/NVIC_program.o
 .group         0x0000000000000000        0xc ./MCAL/src/NVIC_program.o
 .group         0x0000000000000000        0xc ./MCAL/src/NVIC_program.o
 .group         0x0000000000000000        0xc ./MCAL/src/NVIC_program.o
 .group         0x0000000000000000        0xc ./MCAL/src/NVIC_program.o
 .group         0x0000000000000000        0xc ./MCAL/src/NVIC_program.o
 .group         0x0000000000000000        0xc ./MCAL/src/NVIC_program.o
 .group         0x0000000000000000        0xc ./MCAL/src/NVIC_program.o
 .group         0x0000000000000000        0xc ./MCAL/src/NVIC_program.o
 .group         0x0000000000000000        0xc ./MCAL/src/NVIC_program.o
 .group         0x0000000000000000        0xc ./MCAL/src/NVIC_program.o
 .group         0x0000000000000000        0xc ./MCAL/src/NVIC_program.o
 .group         0x0000000000000000        0xc ./MCAL/src/NVIC_program.o
 .text          0x0000000000000000        0x0 ./MCAL/src/NVIC_program.o
 .data          0x0000000000000000        0x0 ./MCAL/src/NVIC_program.o
 .bss           0x0000000000000000        0x0 ./MCAL/src/NVIC_program.o
 .debug_macro   0x0000000000000000      0xa72 ./MCAL/src/NVIC_program.o
 .debug_macro   0x0000000000000000       0x22 ./MCAL/src/NVIC_program.o
 .debug_macro   0x0000000000000000       0x22 ./MCAL/src/NVIC_program.o
 .debug_macro   0x0000000000000000       0x8e ./MCAL/src/NVIC_program.o
 .debug_macro   0x0000000000000000       0x51 ./MCAL/src/NVIC_program.o
 .debug_macro   0x0000000000000000      0x103 ./MCAL/src/NVIC_program.o
 .debug_macro   0x0000000000000000       0x6a ./MCAL/src/NVIC_program.o
 .debug_macro   0x0000000000000000      0x1df ./MCAL/src/NVIC_program.o
 .debug_macro   0x0000000000000000       0x1c ./MCAL/src/NVIC_program.o
 .debug_macro   0x0000000000000000       0x22 ./MCAL/src/NVIC_program.o
 .debug_macro   0x0000000000000000       0xdf ./MCAL/src/NVIC_program.o
 .debug_macro   0x0000000000000000      0xd08 ./MCAL/src/NVIC_program.o
 .debug_macro   0x0000000000000000       0x10 ./MCAL/src/NVIC_program.o
 .group         0x0000000000000000        0xc ./MCAL/src/PSRC_program.o
 .group         0x0000000000000000        0xc ./MCAL/src/PSRC_program.o
 .group         0x0000000000000000        0xc ./MCAL/src/PSRC_program.o
 .text          0x0000000000000000        0x0 ./MCAL/src/PSRC_program.o
 .data          0x0000000000000000        0x0 ./MCAL/src/PSRC_program.o
 .bss           0x0000000000000000        0x0 ./MCAL/src/PSRC_program.o
 .text.PSRC_voidSetAccessLevel_PRIVILEGED
                0x0000000000000000       0x12 ./MCAL/src/PSRC_program.o
 .debug_info    0x0000000000000000       0x91 ./MCAL/src/PSRC_program.o
 .debug_abbrev  0x0000000000000000       0x49 ./MCAL/src/PSRC_program.o
 .debug_aranges
                0x0000000000000000       0x20 ./MCAL/src/PSRC_program.o
 .debug_ranges  0x0000000000000000       0x10 ./MCAL/src/PSRC_program.o
 .debug_macro   0x0000000000000000       0x3d ./MCAL/src/PSRC_program.o
 .debug_macro   0x0000000000000000      0xa72 ./MCAL/src/PSRC_program.o
 .debug_macro   0x0000000000000000       0x10 ./MCAL/src/PSRC_program.o
 .debug_macro   0x0000000000000000       0x16 ./MCAL/src/PSRC_program.o
 .debug_line    0x0000000000000000      0x137 ./MCAL/src/PSRC_program.o
 .debug_str     0x0000000000000000     0x2eb2 ./MCAL/src/PSRC_program.o
 .comment       0x0000000000000000       0x51 ./MCAL/src/PSRC_program.o
 .debug_frame   0x0000000000000000       0x20 ./MCAL/src/PSRC_program.o
 .ARM.attributes
                0x0000000000000000       0x2d ./MCAL/src/PSRC_program.o
 .group         0x0000000000000000        0xc ./MCAL/src/RCC_program.o
 .text          0x0000000000000000        0x0 ./MCAL/src/RCC_program.o
 .data          0x0000000000000000        0x0 ./MCAL/src/RCC_program.o
 .bss           0x0000000000000000        0x0 ./MCAL/src/RCC_program.o
 .debug_info    0x0000000000000000       0x21 ./MCAL/src/RCC_program.o
 .debug_abbrev  0x0000000000000000       0x13 ./MCAL/src/RCC_program.o
 .debug_aranges
                0x0000000000000000       0x18 ./MCAL/src/RCC_program.o
 .debug_macro   0x0000000000000000       0x11 ./MCAL/src/RCC_program.o
 .debug_macro   0x0000000000000000      0xa72 ./MCAL/src/RCC_program.o
 .debug_line    0x0000000000000000       0x3a ./MCAL/src/RCC_program.o
 .debug_str     0x0000000000000000     0x2ccc ./MCAL/src/RCC_program.o
 .comment       0x0000000000000000       0x51 ./MCAL/src/RCC_program.o
 .ARM.attributes
                0x0000000000000000       0x2d ./MCAL/src/RCC_program.o
 .group         0x0000000000000000        0xc ./MCAL/src/SCB_program.o
 .group         0x0000000000000000        0xc ./MCAL/src/SCB_program.o
 .group         0x0000000000000000        0xc ./MCAL/src/SCB_program.o
 .group         0x0000000000000000        0xc ./MCAL/src/SCB_program.o
 .text          0x0000000000000000        0x0 ./MCAL/src/SCB_program.o
 .data          0x0000000000000000        0x0 ./MCAL/src/SCB_program.o
 .bss           0x0000000000000000        0x0 ./MCAL/src/SCB_program.o
 .debug_macro   0x0000000000000000      0xa72 ./MCAL/src/SCB_program.o
 .debug_macro   0x0000000000000000       0x10 ./MCAL/src/SCB_program.o
 .debug_macro   0x0000000000000000       0x7c ./MCAL/src/SCB_program.o
 .group         0x0000000000000000        0xc ./MCAL/src/STK_program.o
 .group         0x0000000000000000        0xc ./MCAL/src/STK_program.o
 .group         0x0000000000000000        0xc ./MCAL/src/STK_program.o
 .group         0x0000000000000000        0xc ./MCAL/src/STK_program.o
 .group         0x0000000000000000        0xc ./MCAL/src/STK_program.o
 .group         0x0000000000000000        0xc ./MCAL/src/STK_program.o
 .group         0x0000000000000000        0xc ./MCAL/src/STK_program.o
 .group         0x0000000000000000        0xc ./MCAL/src/STK_program.o
 .group         0x0000000000000000        0xc ./MCAL/src/STK_program.o
 .group         0x0000000000000000        0xc ./MCAL/src/STK_program.o
 .group         0x0000000000000000        0xc ./MCAL/src/STK_program.o
 .group         0x0000000000000000        0xc ./MCAL/src/STK_program.o
 .group         0x0000000000000000        0xc ./MCAL/src/STK_program.o
 .text          0x0000000000000000        0x0 ./MCAL/src/STK_program.o
 .data          0x0000000000000000        0x0 ./MCAL/src/STK_program.o
 .bss           0x0000000000000000        0x0 ./MCAL/src/STK_program.o
 .debug_macro   0x0000000000000000      0xa72 ./MCAL/src/STK_program.o
 .debug_macro   0x0000000000000000       0x22 ./MCAL/src/STK_program.o
 .debug_macro   0x0000000000000000       0x22 ./MCAL/src/STK_program.o
 .debug_macro   0x0000000000000000       0x8e ./MCAL/src/STK_program.o
 .debug_macro   0x0000000000000000       0x51 ./MCAL/src/STK_program.o
 .debug_macro   0x0000000000000000      0x103 ./MCAL/src/STK_program.o
 .debug_macro   0x0000000000000000       0x6a ./MCAL/src/STK_program.o
 .debug_macro   0x0000000000000000      0x1df ./MCAL/src/STK_program.o
 .debug_macro   0x0000000000000000       0x1c ./MCAL/src/STK_program.o
 .debug_macro   0x0000000000000000       0x22 ./MCAL/src/STK_program.o
 .debug_macro   0x0000000000000000       0xdf ./MCAL/src/STK_program.o
 .debug_macro   0x0000000000000000      0xd08 ./MCAL/src/STK_program.o
 .debug_macro   0x0000000000000000       0x10 ./MCAL/src/STK_program.o
 .group         0x0000000000000000        0xc ./Src/main.o
 .group         0x0000000000000000        0xc ./Src/main.o
 .group         0x0000000000000000        0xc ./Src/main.o
 .group         0x0000000000000000        0xc ./Src/main.o
 .group         0x0000000000000000        0xc ./Src/main.o
 .group         0x0000000000000000        0xc ./Src/main.o
 .group         0x0000000000000000        0xc ./Src/main.o
 .group         0x0000000000000000        0xc ./Src/main.o
 .group         0x0000000000000000        0xc ./Src/main.o
 .group         0x0000000000000000        0xc ./Src/main.o
 .group         0x0000000000000000        0xc ./Src/main.o
 .group         0x0000000000000000        0xc ./Src/main.o
 .group         0x0000000000000000        0xc ./Src/main.o
 .group         0x0000000000000000        0xc ./Src/main.o
 .group         0x0000000000000000        0xc ./Src/main.o
 .group         0x0000000000000000        0xc ./Src/main.o
 .group         0x0000000000000000        0xc ./Src/main.o
 .group         0x0000000000000000        0xc ./Src/main.o
 .text          0x0000000000000000        0x0 ./Src/main.o
 .data          0x0000000000000000        0x0 ./Src/main.o
 .bss           0x0000000000000000        0x0 ./Src/main.o
 .bss.Error     0x0000000000000000        0x1 ./Src/main.o
 .debug_macro   0x0000000000000000      0xa72 ./Src/main.o
 .debug_macro   0x0000000000000000       0x40 ./Src/main.o
 .debug_macro   0x0000000000000000       0x10 ./Src/main.o
 .debug_macro   0x0000000000000000       0x16 ./Src/main.o
 .debug_macro   0x0000000000000000       0x22 ./Src/main.o
 .debug_macro   0x0000000000000000       0x22 ./Src/main.o
 .debug_macro   0x0000000000000000       0x8e ./Src/main.o
 .debug_macro   0x0000000000000000       0x51 ./Src/main.o
 .debug_macro   0x0000000000000000      0x103 ./Src/main.o
 .debug_macro   0x0000000000000000       0x6a ./Src/main.o
 .debug_macro   0x0000000000000000      0x1df ./Src/main.o
 .debug_macro   0x0000000000000000       0x1c ./Src/main.o
 .debug_macro   0x0000000000000000       0x22 ./Src/main.o
 .debug_macro   0x0000000000000000       0xdf ./Src/main.o
 .debug_macro   0x0000000000000000      0xd08 ./Src/main.o
 .debug_macro   0x0000000000000000       0x7c ./Src/main.o
 .debug_macro   0x0000000000000000       0x16 ./Src/main.o
 .debug_macro   0x0000000000000000       0x10 ./Src/main.o
 .group         0x0000000000000000        0xc ./Src/syscalls.o
 .group         0x0000000000000000        0xc ./Src/syscalls.o
 .group         0x0000000000000000        0xc ./Src/syscalls.o
 .group         0x0000000000000000        0xc ./Src/syscalls.o
 .group         0x0000000000000000        0xc ./Src/syscalls.o
 .group         0x0000000000000000        0xc ./Src/syscalls.o
 .group         0x0000000000000000        0xc ./Src/syscalls.o
 .group         0x0000000000000000        0xc ./Src/syscalls.o
 .group         0x0000000000000000        0xc ./Src/syscalls.o
 .group         0x0000000000000000        0xc ./Src/syscalls.o
 .group         0x0000000000000000        0xc ./Src/syscalls.o
 .group         0x0000000000000000        0xc ./Src/syscalls.o
 .group         0x0000000000000000        0xc ./Src/syscalls.o
 .group         0x0000000000000000        0xc ./Src/syscalls.o
 .group         0x0000000000000000        0xc ./Src/syscalls.o
 .group         0x0000000000000000        0xc ./Src/syscalls.o
 .group         0x0000000000000000        0xc ./Src/syscalls.o
 .group         0x0000000000000000        0xc ./Src/syscalls.o
 .group         0x0000000000000000        0xc ./Src/syscalls.o
 .group         0x0000000000000000        0xc ./Src/syscalls.o
 .group         0x0000000000000000        0xc ./Src/syscalls.o
 .group         0x0000000000000000        0xc ./Src/syscalls.o
 .group         0x0000000000000000        0xc ./Src/syscalls.o
 .group         0x0000000000000000        0xc ./Src/syscalls.o
 .group         0x0000000000000000        0xc ./Src/syscalls.o
 .group         0x0000000000000000        0xc ./Src/syscalls.o
 .group         0x0000000000000000        0xc ./Src/syscalls.o
 .group         0x0000000000000000        0xc ./Src/syscalls.o
 .group         0x0000000000000000        0xc ./Src/syscalls.o
 .group         0x0000000000000000        0xc ./Src/syscalls.o
 .group         0x0000000000000000        0xc ./Src/syscalls.o
 .group         0x0000000000000000        0xc ./Src/syscalls.o
 .group         0x0000000000000000        0xc ./Src/syscalls.o
 .group         0x0000000000000000        0xc ./Src/syscalls.o
 .group         0x0000000000000000        0xc ./Src/syscalls.o
 .group         0x0000000000000000        0xc ./Src/syscalls.o
 .group         0x0000000000000000        0xc ./Src/syscalls.o
 .group         0x0000000000000000        0xc ./Src/syscalls.o
 .group         0x0000000000000000        0xc ./Src/syscalls.o
 .group         0x0000000000000000        0xc ./Src/syscalls.o
 .group         0x0000000000000000        0xc ./Src/syscalls.o
 .group         0x0000000000000000        0xc ./Src/syscalls.o
 .group         0x0000000000000000        0xc ./Src/syscalls.o
 .group         0x0000000000000000        0xc ./Src/syscalls.o
 .group         0x0000000000000000        0xc ./Src/syscalls.o
 .group         0x0000000000000000        0xc ./Src/syscalls.o
 .group         0x0000000000000000        0xc ./Src/syscalls.o
 .text          0x0000000000000000        0x0 ./Src/syscalls.o
 .data          0x0000000000000000        0x0 ./Src/syscalls.o
 .bss           0x0000000000000000        0x0 ./Src/syscalls.o
 .bss.__env     0x0000000000000000        0x4 ./Src/syscalls.o
 .data.environ  0x0000000000000000        0x4 ./Src/syscalls.o
 .text.initialise_monitor_handles
                0x0000000000000000        0xc ./Src/syscalls.o
 .text._getpid  0x0000000000000000        0xe ./Src/syscalls.o
 .text._kill    0x0000000000000000       0x20 ./Src/syscalls.o
 .text._exit    0x0000000000000000       0x14 ./Src/syscalls.o
 .text._read    0x0000000000000000       0x3a ./Src/syscalls.o
 .text._write   0x0000000000000000       0x38 ./Src/syscalls.o
 .text._close   0x0000000000000000       0x16 ./Src/syscalls.o
 .text._fstat   0x0000000000000000       0x1e ./Src/syscalls.o
 .text._isatty  0x0000000000000000       0x14 ./Src/syscalls.o
 .text._lseek   0x0000000000000000       0x18 ./Src/syscalls.o
 .text._open    0x0000000000000000       0x1a ./Src/syscalls.o
 .text._wait    0x0000000000000000       0x1e ./Src/syscalls.o
 .text._unlink  0x0000000000000000       0x1e ./Src/syscalls.o
 .text._times   0x0000000000000000       0x16 ./Src/syscalls.o
 .text._stat    0x0000000000000000       0x1e ./Src/syscalls.o
 .text._link    0x0000000000000000       0x20 ./Src/syscalls.o
 .text._fork    0x0000000000000000       0x16 ./Src/syscalls.o
 .text._execve  0x0000000000000000       0x22 ./Src/syscalls.o
 .debug_info    0x0000000000000000      0x771 ./Src/syscalls.o
 .debug_abbrev  0x0000000000000000      0x1b5 ./Src/syscalls.o
 .debug_loc     0x0000000000000000      0x5b8 ./Src/syscalls.o
 .debug_aranges
                0x0000000000000000       0xa8 ./Src/syscalls.o
 .debug_ranges  0x0000000000000000       0x98 ./Src/syscalls.o
 .debug_macro   0x0000000000000000      0x24c ./Src/syscalls.o
 .debug_macro   0x0000000000000000      0xa72 ./Src/syscalls.o
 .debug_macro   0x0000000000000000       0x22 ./Src/syscalls.o
 .debug_macro   0x0000000000000000       0x4c ./Src/syscalls.o
 .debug_macro   0x0000000000000000       0x18 ./Src/syscalls.o
 .debug_macro   0x0000000000000000       0x94 ./Src/syscalls.o
 .debug_macro   0x0000000000000000       0x3c ./Src/syscalls.o
 .debug_macro   0x0000000000000000       0x34 ./Src/syscalls.o
 .debug_macro   0x0000000000000000       0x57 ./Src/syscalls.o
 .debug_macro   0x0000000000000000      0x174 ./Src/syscalls.o
 .debug_macro   0x0000000000000000      0x341 ./Src/syscalls.o
 .debug_macro   0x0000000000000000       0x16 ./Src/syscalls.o
 .debug_macro   0x0000000000000000       0x43 ./Src/syscalls.o
 .debug_macro   0x0000000000000000       0x34 ./Src/syscalls.o
 .debug_macro   0x0000000000000000       0x10 ./Src/syscalls.o
 .debug_macro   0x0000000000000000       0x58 ./Src/syscalls.o
 .debug_macro   0x0000000000000000       0x71 ./Src/syscalls.o
 .debug_macro   0x0000000000000000       0x1c ./Src/syscalls.o
 .debug_macro   0x0000000000000000      0x12a ./Src/syscalls.o
 .debug_macro   0x0000000000000000       0x10 ./Src/syscalls.o
 .debug_macro   0x0000000000000000       0x35 ./Src/syscalls.o
 .debug_macro   0x0000000000000000       0x10 ./Src/syscalls.o
 .debug_macro   0x0000000000000000       0x10 ./Src/syscalls.o
 .debug_macro   0x0000000000000000       0x10 ./Src/syscalls.o
 .debug_macro   0x0000000000000000       0x6a ./Src/syscalls.o
 .debug_macro   0x0000000000000000       0x1c ./Src/syscalls.o
 .debug_macro   0x0000000000000000       0x52 ./Src/syscalls.o
 .debug_macro   0x0000000000000000       0x22 ./Src/syscalls.o
 .debug_macro   0x0000000000000000       0x10 ./Src/syscalls.o
 .debug_macro   0x0000000000000000       0x52 ./Src/syscalls.o
 .debug_macro   0x0000000000000000       0xd5 ./Src/syscalls.o
 .debug_macro   0x0000000000000000       0x1c ./Src/syscalls.o
 .debug_macro   0x0000000000000000       0x3d ./Src/syscalls.o
 .debug_macro   0x0000000000000000       0x35 ./Src/syscalls.o
 .debug_macro   0x0000000000000000      0x12c ./Src/syscalls.o
 .debug_macro   0x0000000000000000       0x16 ./Src/syscalls.o
 .debug_macro   0x0000000000000000       0x16 ./Src/syscalls.o
 .debug_macro   0x0000000000000000       0x29 ./Src/syscalls.o
 .debug_macro   0x0000000000000000       0x10 ./Src/syscalls.o
 .debug_macro   0x0000000000000000      0x241 ./Src/syscalls.o
 .debug_macro   0x0000000000000000       0x1c ./Src/syscalls.o
 .debug_macro   0x0000000000000000       0x10 ./Src/syscalls.o
 .debug_macro   0x0000000000000000       0x10 ./Src/syscalls.o
 .debug_macro   0x0000000000000000       0x16 ./Src/syscalls.o
 .debug_macro   0x0000000000000000      0x145 ./Src/syscalls.o
 .debug_macro   0x0000000000000000      0x189 ./Src/syscalls.o
 .debug_macro   0x0000000000000000       0x16 ./Src/syscalls.o
 .debug_macro   0x0000000000000000       0xce ./Src/syscalls.o
 .debug_line    0x0000000000000000      0x7f9 ./Src/syscalls.o
 .debug_str     0x0000000000000000     0x8a48 ./Src/syscalls.o
 .comment       0x0000000000000000       0x51 ./Src/syscalls.o
 .debug_frame   0x0000000000000000      0x2ac ./Src/syscalls.o
 .ARM.attributes
                0x0000000000000000       0x2d ./Src/syscalls.o
 .group         0x0000000000000000        0xc ./Src/sysmem.o
 .group         0x0000000000000000        0xc ./Src/sysmem.o
 .group         0x0000000000000000        0xc ./Src/sysmem.o
 .group         0x0000000000000000        0xc ./Src/sysmem.o
 .group         0x0000000000000000        0xc ./Src/sysmem.o
 .group         0x0000000000000000        0xc ./Src/sysmem.o
 .group         0x0000000000000000        0xc ./Src/sysmem.o
 .group         0x0000000000000000        0xc ./Src/sysmem.o
 .group         0x0000000000000000        0xc ./Src/sysmem.o
 .group         0x0000000000000000        0xc ./Src/sysmem.o
 .group         0x0000000000000000        0xc ./Src/sysmem.o
 .group         0x0000000000000000        0xc ./Src/sysmem.o
 .group         0x0000000000000000        0xc ./Src/sysmem.o
 .group         0x0000000000000000        0xc ./Src/sysmem.o
 .group         0x0000000000000000        0xc ./Src/sysmem.o
 .group         0x0000000000000000        0xc ./Src/sysmem.o
 .group         0x0000000000000000        0xc ./Src/sysmem.o
 .group         0x0000000000000000        0xc ./Src/sysmem.o
 .group         0x0000000000000000        0xc ./Src/sysmem.o
 .group         0x0000000000000000        0xc ./Src/sysmem.o
 .group         0x0000000000000000        0xc ./Src/sysmem.o
 .group         0x0000000000000000        0xc ./Src/sysmem.o
 .text          0x0000000000000000        0x0 ./Src/sysmem.o
 .data          0x0000000000000000        0x0 ./Src/sysmem.o
 .bss           0x0000000000000000        0x0 ./Src/sysmem.o
 .bss.__sbrk_heap_end
                0x0000000000000000        0x4 ./Src/sysmem.o
 .text._sbrk    0x0000000000000000       0x6c ./Src/sysmem.o
 .debug_info    0x0000000000000000      0x183 ./Src/sysmem.o
 .debug_abbrev  0x0000000000000000       0xbd ./Src/sysmem.o
 .debug_loc     0x0000000000000000       0x50 ./Src/sysmem.o
 .debug_aranges
                0x0000000000000000       0x20 ./Src/sysmem.o
 .debug_ranges  0x0000000000000000       0x10 ./Src/sysmem.o
 .debug_macro   0x0000000000000000       0xff ./Src/sysmem.o
 .debug_macro   0x0000000000000000      0xa72 ./Src/sysmem.o
 .debug_macro   0x0000000000000000       0x10 ./Src/sysmem.o
 .debug_macro   0x0000000000000000       0x22 ./Src/sysmem.o
 .debug_macro   0x0000000000000000       0x4c ./Src/sysmem.o
 .debug_macro   0x0000000000000000       0x18 ./Src/sysmem.o
 .debug_macro   0x0000000000000000       0x94 ./Src/sysmem.o
 .debug_macro   0x0000000000000000       0x3c ./Src/sysmem.o
 .debug_macro   0x0000000000000000       0x34 ./Src/sysmem.o
 .debug_macro   0x0000000000000000      0x174 ./Src/sysmem.o
 .debug_macro   0x0000000000000000       0x16 ./Src/sysmem.o
 .debug_macro   0x0000000000000000       0x43 ./Src/sysmem.o
 .debug_macro   0x0000000000000000       0x57 ./Src/sysmem.o
 .debug_macro   0x0000000000000000       0x34 ./Src/sysmem.o
 .debug_macro   0x0000000000000000       0x10 ./Src/sysmem.o
 .debug_macro   0x0000000000000000       0x58 ./Src/sysmem.o
 .debug_macro   0x0000000000000000       0x71 ./Src/sysmem.o
 .debug_macro   0x0000000000000000       0x1c ./Src/sysmem.o
 .debug_macro   0x0000000000000000      0x12a ./Src/sysmem.o
 .debug_macro   0x0000000000000000      0x23b ./Src/sysmem.o
 .debug_macro   0x0000000000000000      0x103 ./Src/sysmem.o
 .debug_macro   0x0000000000000000       0x6a ./Src/sysmem.o
 .debug_macro   0x0000000000000000      0x1df ./Src/sysmem.o
 .debug_line    0x0000000000000000      0x4ef ./Src/sysmem.o
 .debug_str     0x0000000000000000     0x5d84 ./Src/sysmem.o
 .comment       0x0000000000000000       0x51 ./Src/sysmem.o
 .debug_frame   0x0000000000000000       0x34 ./Src/sysmem.o
 .ARM.attributes
                0x0000000000000000       0x2d ./Src/sysmem.o
 .text          0x0000000000000000       0x14 ./Startup/startup_stm32f103c6tx.o
 .data          0x0000000000000000        0x0 ./Startup/startup_stm32f103c6tx.o
 .bss           0x0000000000000000        0x0 ./Startup/startup_stm32f103c6tx.o
 .text          0x0000000000000000        0x0 c:/st/stm32cubeide_1.12.1/stm32cubeide/plugins/com.st.stm32cube.ide.mcu.externaltools.gnu-tools-for-stm32.10.3-2021.10.win32_1.0.200.202301161003/tools/bin/../lib/gcc/arm-none-eabi/10.3.1/../../../../arm-none-eabi/lib/thumb/v7-m/nofp\libc_nano.a(lib_a-errno.o)
 .data          0x0000000000000000        0x0 c:/st/stm32cubeide_1.12.1/stm32cubeide/plugins/com.st.stm32cube.ide.mcu.externaltools.gnu-tools-for-stm32.10.3-2021.10.win32_1.0.200.202301161003/tools/bin/../lib/gcc/arm-none-eabi/10.3.1/../../../../arm-none-eabi/lib/thumb/v7-m/nofp\libc_nano.a(lib_a-errno.o)
 .bss           0x0000000000000000        0x0 c:/st/stm32cubeide_1.12.1/stm32cubeide/plugins/com.st.stm32cube.ide.mcu.externaltools.gnu-tools-for-stm32.10.3-2021.10.win32_1.0.200.202301161003/tools/bin/../lib/gcc/arm-none-eabi/10.3.1/../../../../arm-none-eabi/lib/thumb/v7-m/nofp\libc_nano.a(lib_a-errno.o)
 .text.__errno  0x0000000000000000        0xc c:/st/stm32cubeide_1.12.1/stm32cubeide/plugins/com.st.stm32cube.ide.mcu.externaltools.gnu-tools-for-stm32.10.3-2021.10.win32_1.0.200.202301161003/tools/bin/../lib/gcc/arm-none-eabi/10.3.1/../../../../arm-none-eabi/lib/thumb/v7-m/nofp\libc_nano.a(lib_a-errno.o)
 .debug_frame   0x0000000000000000       0x20 c:/st/stm32cubeide_1.12.1/stm32cubeide/plugins/com.st.stm32cube.ide.mcu.externaltools.gnu-tools-for-stm32.10.3-2021.10.win32_1.0.200.202301161003/tools/bin/../lib/gcc/arm-none-eabi/10.3.1/../../../../arm-none-eabi/lib/thumb/v7-m/nofp\libc_nano.a(lib_a-errno.o)
 .ARM.attributes
                0x0000000000000000       0x2d c:/st/stm32cubeide_1.12.1/stm32cubeide/plugins/com.st.stm32cube.ide.mcu.externaltools.gnu-tools-for-stm32.10.3-2021.10.win32_1.0.200.202301161003/tools/bin/../lib/gcc/arm-none-eabi/10.3.1/../../../../arm-none-eabi/lib/thumb/v7-m/nofp\libc_nano.a(lib_a-errno.o)
 .text          0x0000000000000000        0x0 c:/st/stm32cubeide_1.12.1/stm32cubeide/plugins/com.st.stm32cube.ide.mcu.externaltools.gnu-tools-for-stm32.10.3-2021.10.win32_1.0.200.202301161003/tools/bin/../lib/gcc/arm-none-eabi/10.3.1/../../../../arm-none-eabi/lib/thumb/v7-m/nofp\libc_nano.a(lib_a-exit.o)
 .data          0x0000000000000000        0x0 c:/st/stm32cubeide_1.12.1/stm32cubeide/plugins/com.st.stm32cube.ide.mcu.externaltools.gnu-tools-for-stm32.10.3-2021.10.win32_1.0.200.202301161003/tools/bin/../lib/gcc/arm-none-eabi/10.3.1/../../../../arm-none-eabi/lib/thumb/v7-m/nofp\libc_nano.a(lib_a-exit.o)
 .bss           0x0000000000000000        0x0 c:/st/stm32cubeide_1.12.1/stm32cubeide/plugins/com.st.stm32cube.ide.mcu.externaltools.gnu-tools-for-stm32.10.3-2021.10.win32_1.0.200.202301161003/tools/bin/../lib/gcc/arm-none-eabi/10.3.1/../../../../arm-none-eabi/lib/thumb/v7-m/nofp\libc_nano.a(lib_a-exit.o)
 .text.exit     0x0000000000000000       0x28 c:/st/stm32cubeide_1.12.1/stm32cubeide/plugins/com.st.stm32cube.ide.mcu.externaltools.gnu-tools-for-stm32.10.3-2021.10.win32_1.0.200.202301161003/tools/bin/../lib/gcc/arm-none-eabi/10.3.1/../../../../arm-none-eabi/lib/thumb/v7-m/nofp\libc_nano.a(lib_a-exit.o)
 .debug_frame   0x0000000000000000       0x28 c:/st/stm32cubeide_1.12.1/stm32cubeide/plugins/com.st.stm32cube.ide.mcu.externaltools.gnu-tools-for-stm32.10.3-2021.10.win32_1.0.200.202301161003/tools/bin/../lib/gcc/arm-none-eabi/10.3.1/../../../../arm-none-eabi/lib/thumb/v7-m/nofp\libc_nano.a(lib_a-exit.o)
 .ARM.attributes
                0x0000000000000000       0x2d c:/st/stm32cubeide_1.12.1/stm32cubeide/plugins/com.st.stm32cube.ide.mcu.externaltools.gnu-tools-for-stm32.10.3-2021.10.win32_1.0.200.202301161003/tools/bin/../lib/gcc/arm-none-eabi/10.3.1/../../../../arm-none-eabi/lib/thumb/v7-m/nofp\libc_nano.a(lib_a-exit.o)
 .text          0x0000000000000000        0x0 c:/st/stm32cubeide_1.12.1/stm32cubeide/plugins/com.st.stm32cube.ide.mcu.externaltools.gnu-tools-for-stm32.10.3-2021.10.win32_1.0.200.202301161003/tools/bin/../lib/gcc/arm-none-eabi/10.3.1/../../../../arm-none-eabi/lib/thumb/v7-m/nofp\libc_nano.a(lib_a-impure.o)
 .data          0x0000000000000000        0x0 c:/st/stm32cubeide_1.12.1/stm32cubeide/plugins/com.st.stm32cube.ide.mcu.externaltools.gnu-tools-for-stm32.10.3-2021.10.win32_1.0.200.202301161003/tools/bin/../lib/gcc/arm-none-eabi/10.3.1/../../../../arm-none-eabi/lib/thumb/v7-m/nofp\libc_nano.a(lib_a-impure.o)
 .bss           0x0000000000000000        0x0 c:/st/stm32cubeide_1.12.1/stm32cubeide/plugins/com.st.stm32cube.ide.mcu.externaltools.gnu-tools-for-stm32.10.3-2021.10.win32_1.0.200.202301161003/tools/bin/../lib/gcc/arm-none-eabi/10.3.1/../../../../arm-none-eabi/lib/thumb/v7-m/nofp\libc_nano.a(lib_a-impure.o)
 .data._impure_ptr
                0x0000000000000000        0x4 c:/st/stm32cubeide_1.12.1/stm32cubeide/plugins/com.st.stm32cube.ide.mcu.externaltools.gnu-tools-for-stm32.10.3-2021.10.win32_1.0.200.202301161003/tools/bin/../lib/gcc/arm-none-eabi/10.3.1/../../../../arm-none-eabi/lib/thumb/v7-m/nofp\libc_nano.a(lib_a-impure.o)
 .data.impure_data
                0x0000000000000000       0x60 c:/st/stm32cubeide_1.12.1/stm32cubeide/plugins/com.st.stm32cube.ide.mcu.externaltools.gnu-tools-for-stm32.10.3-2021.10.win32_1.0.200.202301161003/tools/bin/../lib/gcc/arm-none-eabi/10.3.1/../../../../arm-none-eabi/lib/thumb/v7-m/nofp\libc_nano.a(lib_a-impure.o)
 .rodata._global_impure_ptr
                0x0000000000000000        0x4 c:/st/stm32cubeide_1.12.1/stm32cubeide/plugins/com.st.stm32cube.ide.mcu.externaltools.gnu-tools-for-stm32.10.3-2021.10.win32_1.0.200.202301161003/tools/bin/../lib/gcc/arm-none-eabi/10.3.1/../../../../arm-none-eabi/lib/thumb/v7-m/nofp\libc_nano.a(lib_a-impure.o)
 .ARM.attributes
                0x0000000000000000       0x2d c:/st/stm32cubeide_1.12.1/stm32cubeide/plugins/com.st.stm32cube.ide.mcu.externaltools.gnu-tools-for-stm32.10.3-2021.10.win32_1.0.200.202301161003/tools/bin/../lib/gcc/arm-none-eabi/10.3.1/../../../../arm-none-eabi/lib/thumb/v7-m/nofp\libc_nano.a(lib_a-impure.o)
 .text          0x0000000000000000        0x0 c:/st/stm32cubeide_1.12.1/stm32cubeide/plugins/com.st.stm32cube.ide.mcu.externaltools.gnu-tools-for-stm32.10.3-2021.10.win32_1.0.200.202301161003/tools/bin/../lib/gcc/arm-none-eabi/10.3.1/../../../../arm-none-eabi/lib/thumb/v7-m/nofp\libc_nano.a(lib_a-init.o)
 .data          0x0000000000000000        0x0 c:/st/stm32cubeide_1.12.1/stm32cubeide/plugins/com.st.stm32cube.ide.mcu.externaltools.gnu-tools-for-stm32.10.3-2021.10.win32_1.0.200.202301161003/tools/bin/../lib/gcc/arm-none-eabi/10.3.1/../../../../arm-none-eabi/lib/thumb/v7-m/nofp\libc_nano.a(lib_a-init.o)
 .bss           0x0000000000000000        0x0 c:/st/stm32cubeide_1.12.1/stm32cubeide/plugins/com.st.stm32cube.ide.mcu.externaltools.gnu-tools-for-stm32.10.3-2021.10.win32_1.0.200.202301161003/tools/bin/../lib/gcc/arm-none-eabi/10.3.1/../../../../arm-none-eabi/lib/thumb/v7-m/nofp\libc_nano.a(lib_a-init.o)
 .text          0x0000000000000000        0x0 c:/st/stm32cubeide_1.12.1/stm32cubeide/plugins/com.st.stm32cube.ide.mcu.externaltools.gnu-tools-for-stm32.10.3-2021.10.win32_1.0.200.202301161003/tools/bin/../lib/gcc/arm-none-eabi/10.3.1/../../../../arm-none-eabi/lib/thumb/v7-m/nofp\libc_nano.a(lib_a-memset.o)
 .data          0x0000000000000000        0x0 c:/st/stm32cubeide_1.12.1/stm32cubeide/plugins/com.st.stm32cube.ide.mcu.externaltools.gnu-tools-for-stm32.10.3-2021.10.win32_1.0.200.202301161003/tools/bin/../lib/gcc/arm-none-eabi/10.3.1/../../../../arm-none-eabi/lib/thumb/v7-m/nofp\libc_nano.a(lib_a-memset.o)
 .bss           0x0000000000000000        0x0 c:/st/stm32cubeide_1.12.1/stm32cubeide/plugins/com.st.stm32cube.ide.mcu.externaltools.gnu-tools-for-stm32.10.3-2021.10.win32_1.0.200.202301161003/tools/bin/../lib/gcc/arm-none-eabi/10.3.1/../../../../arm-none-eabi/lib/thumb/v7-m/nofp\libc_nano.a(lib_a-memset.o)
 .text.memset   0x0000000000000000       0x10 c:/st/stm32cubeide_1.12.1/stm32cubeide/plugins/com.st.stm32cube.ide.mcu.externaltools.gnu-tools-for-stm32.10.3-2021.10.win32_1.0.200.202301161003/tools/bin/../lib/gcc/arm-none-eabi/10.3.1/../../../../arm-none-eabi/lib/thumb/v7-m/nofp\libc_nano.a(lib_a-memset.o)
 .debug_frame   0x0000000000000000       0x20 c:/st/stm32cubeide_1.12.1/stm32cubeide/plugins/com.st.stm32cube.ide.mcu.externaltools.gnu-tools-for-stm32.10.3-2021.10.win32_1.0.200.202301161003/tools/bin/../lib/gcc/arm-none-eabi/10.3.1/../../../../arm-none-eabi/lib/thumb/v7-m/nofp\libc_nano.a(lib_a-memset.o)
 .ARM.attributes
                0x0000000000000000       0x2d c:/st/stm32cubeide_1.12.1/stm32cubeide/plugins/com.st.stm32cube.ide.mcu.externaltools.gnu-tools-for-stm32.10.3-2021.10.win32_1.0.200.202301161003/tools/bin/../lib/gcc/arm-none-eabi/10.3.1/../../../../arm-none-eabi/lib/thumb/v7-m/nofp\libc_nano.a(lib_a-memset.o)
 .text          0x0000000000000000        0x0 c:/st/stm32cubeide_1.12.1/stm32cubeide/plugins/com.st.stm32cube.ide.mcu.externaltools.gnu-tools-for-stm32.10.3-2021.10.win32_1.0.200.202301161003/tools/bin/../lib/gcc/arm-none-eabi/10.3.1/thumb/v7-m/nofp/crtend.o
 .data          0x0000000000000000        0x0 c:/st/stm32cubeide_1.12.1/stm32cubeide/plugins/com.st.stm32cube.ide.mcu.externaltools.gnu-tools-for-stm32.10.3-2021.10.win32_1.0.200.202301161003/tools/bin/../lib/gcc/arm-none-eabi/10.3.1/thumb/v7-m/nofp/crtend.o
 .bss           0x0000000000000000        0x0 c:/st/stm32cubeide_1.12.1/stm32cubeide/plugins/com.st.stm32cube.ide.mcu.externaltools.gnu-tools-for-stm32.10.3-2021.10.win32_1.0.200.202301161003/tools/bin/../lib/gcc/arm-none-eabi/10.3.1/thumb/v7-m/nofp/crtend.o
 .rodata        0x0000000000000000       0x24 c:/st/stm32cubeide_1.12.1/stm32cubeide/plugins/com.st.stm32cube.ide.mcu.externaltools.gnu-tools-for-stm32.10.3-2021.10.win32_1.0.200.202301161003/tools/bin/../lib/gcc/arm-none-eabi/10.3.1/thumb/v7-m/nofp/crtend.o
 .eh_frame      0x0000000000000000        0x4 c:/st/stm32cubeide_1.12.1/stm32cubeide/plugins/com.st.stm32cube.ide.mcu.externaltools.gnu-tools-for-stm32.10.3-2021.10.win32_1.0.200.202301161003/tools/bin/../lib/gcc/arm-none-eabi/10.3.1/thumb/v7-m/nofp/crtend.o
 .ARM.attributes
                0x0000000000000000       0x2d c:/st/stm32cubeide_1.12.1/stm32cubeide/plugins/com.st.stm32cube.ide.mcu.externaltools.gnu-tools-for-stm32.10.3-2021.10.win32_1.0.200.202301161003/tools/bin/../lib/gcc/arm-none-eabi/10.3.1/thumb/v7-m/nofp/crtend.o
 .text          0x0000000000000000        0x0 c:/st/stm32cubeide_1.12.1/stm32cubeide/plugins/com.st.stm32cube.ide.mcu.externaltools.gnu-tools-for-stm32.10.3-2021.10.win32_1.0.200.202301161003/tools/bin/../lib/gcc/arm-none-eabi/10.3.1/thumb/v7-m/nofp/crtn.o
 .data          0x0000000000000000        0x0 c:/st/stm32cubeide_1.12.1/stm32cubeide/plugins/com.st.stm32cube.ide.mcu.externaltools.gnu-tools-for-stm32.10.3-2021.10.win32_1.0.200.202301161003/tools/bin/../lib/gcc/arm-none-eabi/10.3.1/thumb/v7-m/nofp/crtn.o
 .bss           0x0000000000000000        0x0 c:/st/stm32cubeide_1.12.1/stm32cubeide/plugins/com.st.stm32cube.ide.mcu.externaltools.gnu-tools-for-stm32.10.3-2021.10.win32_1.0.200.202301161003/tools/bin/../lib/gcc/arm-none-eabi/10.3.1/thumb/v7-m/nofp/crtn.o

Memory Configuration

Name             Origin             Length             Attributes
RAM              0x0000000020000000 0x0000000000002800 xrw
FLASH            0x0000000008000000 0x0000000000008000 xr
*default*        0x0000000000000000 0xffffffffffffffff

Linker script and memory map

LOAD c:/st/stm32cubeide_1.12.1/stm32cubeide/plugins/com.st.stm32cube.ide.mcu.externaltools.gnu-tools-for-stm32.10.3-2021.10.win32_1.0.200.202301161003/tools/bin/../lib/gcc/arm-none-eabi/10.3.1/thumb/v7-m/nofp/crti.o
LOAD c:/st/stm32cubeide_1.12.1/stm32cubeide/plugins/com.st.stm32cube.ide.mcu.externaltools.gnu-tools-for-stm32.10.3-2021.10.win32_1.0.200.202301161003/tools/bin/../lib/gcc/arm-none-eabi/10.3.1/thumb/v7-m/nofp/crtbegin.o
LOAD c:/st/stm32cubeide_1.12.1/stm32cubeide/plugins/com.st.stm32cube.ide.mcu.externaltools.gnu-tools-for-stm32.10.3-2021.10.win32_1.0.200.202301161003/tools/bin/../lib/gcc/arm-none-eabi/10.3.1/../../../../arm-none-eabi/lib/thumb/v7-m/nofp/crt0.o
LOAD ./ArefRTOS/src/ArefRTOS_CIRCULARQUEUE.o
LOAD ./ArefRTOS/src/ArefRTOS_PORTING.o
LOAD ./ArefRTOS/src/ArefRTOS_SCHEDULER.o
LOAD ./MCAL/src/NVIC_program.o
LOAD ./MCAL/src/PSRC_program.o
LOAD ./MCAL/src/RCC_program.o
LOAD ./MCAL/src/SCB_program.o
LOAD ./MCAL/src/STK_program.o
LOAD ./Src/main.o
LOAD ./Src/syscalls.o
LOAD ./Src/sysmem.o
LOAD ./Startup/startup_stm32f103c6tx.o
START GROUP
LOAD c:/st/stm32cubeide_1.12.1/stm32cubeide/plugins/com.st.stm32cube.ide.mcu.externaltools.gnu-tools-for-stm32.10.3-2021.10.win32_1.0.200.202301161003/tools/bin/../lib/gcc/arm-none-eabi/10.3.1/../../../../arm-none-eabi/lib/thumb/v7-m/nofp\libc_nano.a
LOAD c:/st/stm32cubeide_1.12.1/stm32cubeide/plugins/com.st.stm32cube.ide.mcu.externaltools.gnu-tools-for-stm32.10.3-2021.10.win32_1.0.200.202301161003/tools/bin/../lib/gcc/arm-none-eabi/10.3.1/../../../../arm-none-eabi/lib/thumb/v7-m/nofp\libm.a
END GROUP
START GROUP
LOAD c:/st/stm32cubeide_1.12.1/stm32cubeide/plugins/com.st.stm32cube.ide.mcu.externaltools.gnu-tools-for-stm32.10.3-2021.10.win32_1.0.200.202301161003/tools/bin/../lib/gcc/arm-none-eabi/10.3.1/thumb/v7-m/nofp\libgcc.a
LOAD c:/st/stm32cubeide_1.12.1/stm32cubeide/plugins/com.st.stm32cube.ide.mcu.externaltools.gnu-tools-for-stm32.10.3-2021.10.win32_1.0.200.202301161003/tools/bin/../lib/gcc/arm-none-eabi/10.3.1/../../../../arm-none-eabi/lib/thumb/v7-m/nofp\libc_nano.a
END GROUP
START GROUP
LOAD c:/st/stm32cubeide_1.12.1/stm32cubeide/plugins/com.st.stm32cube.ide.mcu.externaltools.gnu-tools-for-stm32.10.3-2021.10.win32_1.0.200.202301161003/tools/bin/../lib/gcc/arm-none-eabi/10.3.1/thumb/v7-m/nofp\libgcc.a
LOAD c:/st/stm32cubeide_1.12.1/stm32cubeide/plugins/com.st.stm32cube.ide.mcu.externaltools.gnu-tools-for-stm32.10.3-2021.10.win32_1.0.200.202301161003/tools/bin/../lib/gcc/arm-none-eabi/10.3.1/../../../../arm-none-eabi/lib/thumb/v7-m/nofp\libc_nano.a
LOAD c:/st/stm32cubeide_1.12.1/stm32cubeide/plugins/com.st.stm32cube.ide.mcu.externaltools.gnu-tools-for-stm32.10.3-2021.10.win32_1.0.200.202301161003/tools/bin/../lib/gcc/arm-none-eabi/10.3.1/../../../../arm-none-eabi/lib/thumb/v7-m/nofp\libnosys.a
END GROUP
START GROUP
LOAD c:/st/stm32cubeide_1.12.1/stm32cubeide/plugins/com.st.stm32cube.ide.mcu.externaltools.gnu-tools-for-stm32.10.3-2021.10.win32_1.0.200.202301161003/tools/bin/../lib/gcc/arm-none-eabi/10.3.1/thumb/v7-m/nofp\libgcc.a
LOAD c:/st/stm32cubeide_1.12.1/stm32cubeide/plugins/com.st.stm32cube.ide.mcu.externaltools.gnu-tools-for-stm32.10.3-2021.10.win32_1.0.200.202301161003/tools/bin/../lib/gcc/arm-none-eabi/10.3.1/../../../../arm-none-eabi/lib/thumb/v7-m/nofp\libc_nano.a
LOAD c:/st/stm32cubeide_1.12.1/stm32cubeide/plugins/com.st.stm32cube.ide.mcu.externaltools.gnu-tools-for-stm32.10.3-2021.10.win32_1.0.200.202301161003/tools/bin/../lib/gcc/arm-none-eabi/10.3.1/../../../../arm-none-eabi/lib/thumb/v7-m/nofp\libnosys.a
END GROUP
LOAD c:/st/stm32cubeide_1.12.1/stm32cubeide/plugins/com.st.stm32cube.ide.mcu.externaltools.gnu-tools-for-stm32.10.3-2021.10.win32_1.0.200.202301161003/tools/bin/../lib/gcc/arm-none-eabi/10.3.1/thumb/v7-m/nofp/crtend.o
LOAD c:/st/stm32cubeide_1.12.1/stm32cubeide/plugins/com.st.stm32cube.ide.mcu.externaltools.gnu-tools-for-stm32.10.3-2021.10.win32_1.0.200.202301161003/tools/bin/../lib/gcc/arm-none-eabi/10.3.1/thumb/v7-m/nofp/crtn.o
                0x0000000020002800                _estack = (ORIGIN (RAM) + LENGTH (RAM))
                0x0000000000000200                _Min_Heap_Size = 0x200
                0x0000000000000400                _Min_Stack_Size = 0x400

.isr_vector     0x0000000008000000      0x130
                0x0000000008000000                . = ALIGN (0x4)
 *(.isr_vector)
 .isr_vector    0x0000000008000000      0x130 ./Startup/startup_stm32f103c6tx.o
                0x0000000008000000                g_pfnVectors
                0x0000000008000130                . = ALIGN (0x4)

.text           0x0000000008000130      0xb38
                0x0000000008000130                . = ALIGN (0x4)
 *(.text)
 .text          0x0000000008000130       0x40 c:/st/stm32cubeide_1.12.1/stm32cubeide/plugins/com.st.stm32cube.ide.mcu.externaltools.gnu-tools-for-stm32.10.3-2021.10.win32_1.0.200.202301161003/tools/bin/../lib/gcc/arm-none-eabi/10.3.1/thumb/v7-m/nofp/crtbegin.o
 *(.text*)
 .text.queue_create
                0x0000000008000170       0x26 ./ArefRTOS/src/ArefRTOS_CIRCULARQUEUE.o
                0x0000000008000170                queue_create
 *fill*         0x0000000008000196        0x2 
 .text.queue_add
                0x0000000008000198       0x68 ./ArefRTOS/src/ArefRTOS_CIRCULARQUEUE.o
                0x0000000008000198                queue_add
 .text.queue_get
                0x0000000008000200       0x6c ./ArefRTOS/src/ArefRTOS_CIRCULARQUEUE.o
                0x0000000008000200                queue_get
 .text.queue_size
                0x000000000800026c       0x18 ./ArefRTOS/src/ArefRTOS_CIRCULARQUEUE.o
                0x000000000800026c                queue_size
 .text.ArefRTOS_voidCallService
                0x0000000008000284       0x34 ./ArefRTOS/src/ArefRTOS_PORTING.o
                0x0000000008000284                ArefRTOS_voidCallService
 .text.ArefRTOS_voidHardwareInit
                0x00000000080002b8        0xc ./ArefRTOS/src/ArefRTOS_PORTING.o
                0x00000000080002b8                ArefRTOS_voidHardwareInit
 .text.ArefRTOS_voidStartTicker
                0x00000000080002c4        0xc ./ArefRTOS/src/ArefRTOS_PORTING.o
                0x00000000080002c4                ArefRTOS_voidStartTicker
 .text.HardFault_Handler
                0x00000000080002d0        0x6 ./ArefRTOS/src/ArefRTOS_PORTING.o
                0x00000000080002d0                HardFault_Handler
 .text.MemManage_Handler
                0x00000000080002d6        0x6 ./ArefRTOS/src/ArefRTOS_PORTING.o
                0x00000000080002d6                MemManage_Handler
 .text.BusFault_Handler
                0x00000000080002dc        0x6 ./ArefRTOS/src/ArefRTOS_PORTING.o
                0x00000000080002dc                BusFault_Handler
 .text.UsageFault_Handler
                0x00000000080002e2        0x6 ./ArefRTOS/src/ArefRTOS_PORTING.o
                0x00000000080002e2                UsageFault_Handler
 .text.SVC_Handler
                0x00000000080002e8       0x14 ./ArefRTOS/src/ArefRTOS_PORTING.o
                0x00000000080002e8                SVC_Handler
 .text.ArefRTOS_staticMainStack
                0x00000000080002fc       0x4c ./ArefRTOS/src/ArefRTOS_SCHEDULER.o
 .text.ArefRTOS_voidIdleTask
                0x0000000008000348       0x18 ./ArefRTOS/src/ArefRTOS_SCHEDULER.o
 .text.ArefRTOS_voidBubbleSort
                0x0000000008000360       0xa0 ./ArefRTOS/src/ArefRTOS_SCHEDULER.o
 .text.ArefRTOS_voidFirstStageScheduler
                0x0000000008000400       0xc8 ./ArefRTOS/src/ArefRTOS_SCHEDULER.o
 .text.ArefRTOS_voidSecondStageDispatcher
                0x00000000080004c8       0x98 ./ArefRTOS/src/ArefRTOS_SCHEDULER.o
 .text.ArefRTOS_voidActivateTask
                0x0000000008000560       0x32 ./ArefRTOS/src/ArefRTOS_SCHEDULER.o
                0x0000000008000560                ArefRTOS_voidActivateTask
 *fill*         0x0000000008000592        0x2 
 .text.ArefRTOS_voidCreateTask
                0x0000000008000594       0xf4 ./ArefRTOS/src/ArefRTOS_SCHEDULER.o
                0x0000000008000594                ArefRTOS_voidCreateTask
 .text.ArefRTOS_voidInit
                0x0000000008000688       0x70 ./ArefRTOS/src/ArefRTOS_SCHEDULER.o
                0x0000000008000688                ArefRTOS_voidInit
 .text.ArefRTOS_voidStartScheduler
                0x00000000080006f8       0x6c ./ArefRTOS/src/ArefRTOS_SCHEDULER.o
                0x00000000080006f8                ArefRTOS_voidStartScheduler
 .text.ArefRTOS_SVC_CALL
                0x0000000008000764       0x54 ./ArefRTOS/src/ArefRTOS_SCHEDULER.o
                0x0000000008000764                ArefRTOS_SVC_CALL
 .text.PendSV_Handler
                0x00000000080007b8      0x1c4 ./ArefRTOS/src/ArefRTOS_SCHEDULER.o
                0x00000000080007b8                PendSV_Handler
 .text.SysTick_Handler
                0x000000000800097c       0x24 ./ArefRTOS/src/ArefRTOS_SCHEDULER.o
                0x000000000800097c                SysTick_Handler
 .text.__NVIC_SetPriority
                0x00000000080009a0       0x54 ./MCAL/src/NVIC_program.o
 .text.NVIC_SetPendSVInterruptPriority
                0x00000000080009f4       0x12 ./MCAL/src/NVIC_program.o
                0x00000000080009f4                NVIC_SetPendSVInterruptPriority
 *fill*         0x0000000008000a06        0x2 
 .text.SCB_voidTrigPendSV
                0x0000000008000a08       0x1c ./MCAL/src/SCB_program.o
                0x0000000008000a08                SCB_voidTrigPendSV
 .text.__NVIC_SetPriority
                0x0000000008000a24       0x54 ./MCAL/src/STK_program.o
 .text.SysTick_Config
                0x0000000008000a78       0x44 ./MCAL/src/STK_program.o
 .text.STK_SetPeriodicInterruptInterval
                0x0000000008000abc       0x10 ./MCAL/src/STK_program.o
                0x0000000008000abc                STK_SetPeriodicInterruptInterval
 .text.task1    0x0000000008000acc       0x18 ./Src/main.o
                0x0000000008000acc                task1
 .text.task2    0x0000000008000ae4       0x18 ./Src/main.o
                0x0000000008000ae4                task2
 .text.task3    0x0000000008000afc       0x18 ./Src/main.o
                0x0000000008000afc                task3
 .text.main     0x0000000008000b14       0xa0 ./Src/main.o
                0x0000000008000b14                main
 .text.Reset_Handler
                0x0000000008000bb4       0x50 ./Startup/startup_stm32f103c6tx.o
                0x0000000008000bb4                Reset_Handler
 .text.Default_Handler
                0x0000000008000c04        0x2 ./Startup/startup_stm32f103c6tx.o
                0x0000000008000c04                EXTI2_IRQHandler
                0x0000000008000c04                TIM8_TRG_COM_IRQHandler
                0x0000000008000c04                TIM8_CC_IRQHandler
                0x0000000008000c04                DebugMon_Handler
                0x0000000008000c04                TIM1_CC_IRQHandler
                0x0000000008000c04                TIM6_IRQHandler
                0x0000000008000c04                PVD_IRQHandler
                0x0000000008000c04                SDIO_IRQHandler
                0x0000000008000c04                NMI_Handler
                0x0000000008000c04                EXTI3_IRQHandler
                0x0000000008000c04                USB_HP_CAN_TX_IRQHandler
                0x0000000008000c04                EXTI0_IRQHandler
                0x0000000008000c04                I2C2_EV_IRQHandler
                0x0000000008000c04                ADC1_2_IRQHandler
                0x0000000008000c04                SPI1_IRQHandler
                0x0000000008000c04                CAN_SCE_IRQHandler
                0x0000000008000c04                TAMPER_IRQHandler
                0x0000000008000c04                TIM8_UP_IRQHandler
                0x0000000008000c04                DMA2_Channel2_IRQHandler
                0x0000000008000c04                DMA1_Channel4_IRQHandler
                0x0000000008000c04                USART3_IRQHandler
                0x0000000008000c04                RTC_IRQHandler
                0x0000000008000c04                DMA1_Channel7_IRQHandler
                0x0000000008000c04                UART5_IRQHandler
                0x0000000008000c04                ADC3_IRQHandler
                0x0000000008000c04                TIM4_IRQHandler
                0x0000000008000c04                CAN_RX1_IRQHandler
                0x0000000008000c04                DMA2_Channel1_IRQHandler
                0x0000000008000c04                I2C1_EV_IRQHandler
                0x0000000008000c04                DMA1_Channel6_IRQHandler
                0x0000000008000c04                UART4_IRQHandler
                0x0000000008000c04                TIM3_IRQHandler
                0x0000000008000c04                RCC_IRQHandler
                0x0000000008000c04                TIM1_TRG_COM_IRQHandler
                0x0000000008000c04                DMA1_Channel1_IRQHandler
                0x0000000008000c04                Default_Handler
                0x0000000008000c04                EXTI15_10_IRQHandler
                0x0000000008000c04                TIM7_IRQHandler
                0x0000000008000c04                TIM5_IRQHandler
                0x0000000008000c04                EXTI9_5_IRQHandler
                0x0000000008000c04                SPI2_IRQHandler
                0x0000000008000c04                USB_LP_CAN_RX0_IRQHandler
                0x0000000008000c04                DMA1_Channel5_IRQHandler
                0x0000000008000c04                EXTI4_IRQHandler
                0x0000000008000c04                DMA1_Channel3_IRQHandler
                0x0000000008000c04                FSMC_IRQHandler
                0x0000000008000c04                TIM1_UP_IRQHandler
                0x0000000008000c04                WWDG_IRQHandler
                0x0000000008000c04                TIM2_IRQHandler
                0x0000000008000c04                TIM1_BRK_IRQHandler
                0x0000000008000c04                EXTI1_IRQHandler
                0x0000000008000c04                RTCAlarm_IRQHandler
                0x0000000008000c04                DMA2_Channel4_5_IRQHandler
                0x0000000008000c04                USART2_IRQHandler
                0x0000000008000c04                I2C2_ER_IRQHandler
                0x0000000008000c04                DMA1_Channel2_IRQHandler
                0x0000000008000c04                TIM8_BRK_IRQHandler
                0x0000000008000c04                FLASH_IRQHandler
                0x0000000008000c04                USART1_IRQHandler
                0x0000000008000c04                SPI3_IRQHandler
                0x0000000008000c04                I2C1_ER_IRQHandler
                0x0000000008000c04                DMA2_Channel3_IRQHandler
 *fill*         0x0000000008000c06        0x2 
 .text.__libc_init_array
                0x0000000008000c08       0x48 c:/st/stm32cubeide_1.12.1/stm32cubeide/plugins/com.st.stm32cube.ide.mcu.externaltools.gnu-tools-for-stm32.10.3-2021.10.win32_1.0.200.202301161003/tools/bin/../lib/gcc/arm-none-eabi/10.3.1/../../../../arm-none-eabi/lib/thumb/v7-m/nofp\libc_nano.a(lib_a-init.o)
                0x0000000008000c08                __libc_init_array
 *(.glue_7)
 .glue_7        0x0000000008000c50        0x0 linker stubs
 *(.glue_7t)
 .glue_7t       0x0000000008000c50        0x0 linker stubs
 *(.eh_frame)
 .eh_frame      0x0000000008000c50        0x0 c:/st/stm32cubeide_1.12.1/stm32cubeide/plugins/com.st.stm32cube.ide.mcu.externaltools.gnu-tools-for-stm32.10.3-2021.10.win32_1.0.200.202301161003/tools/bin/../lib/gcc/arm-none-eabi/10.3.1/thumb/v7-m/nofp/crtbegin.o
 *(.init)
 .init          0x0000000008000c50        0x4 c:/st/stm32cubeide_1.12.1/stm32cubeide/plugins/com.st.stm32cube.ide.mcu.externaltools.gnu-tools-for-stm32.10.3-2021.10.win32_1.0.200.202301161003/tools/bin/../lib/gcc/arm-none-eabi/10.3.1/thumb/v7-m/nofp/crti.o
                0x0000000008000c50                _init
 .init          0x0000000008000c54        0x8 c:/st/stm32cubeide_1.12.1/stm32cubeide/plugins/com.st.stm32cube.ide.mcu.externaltools.gnu-tools-for-stm32.10.3-2021.10.win32_1.0.200.202301161003/tools/bin/../lib/gcc/arm-none-eabi/10.3.1/thumb/v7-m/nofp/crtn.o
 *(.fini)
 .fini          0x0000000008000c5c        0x4 c:/st/stm32cubeide_1.12.1/stm32cubeide/plugins/com.st.stm32cube.ide.mcu.externaltools.gnu-tools-for-stm32.10.3-2021.10.win32_1.0.200.202301161003/tools/bin/../lib/gcc/arm-none-eabi/10.3.1/thumb/v7-m/nofp/crti.o
                0x0000000008000c5c                _fini
 .fini          0x0000000008000c60        0x8 c:/st/stm32cubeide_1.12.1/stm32cubeide/plugins/com.st.stm32cube.ide.mcu.externaltools.gnu-tools-for-stm32.10.3-2021.10.win32_1.0.200.202301161003/tools/bin/../lib/gcc/arm-none-eabi/10.3.1/thumb/v7-m/nofp/crtn.o
                0x0000000008000c68                . = ALIGN (0x4)
                0x0000000008000c68                _etext = .

.vfp11_veneer   0x0000000008000c68        0x0
 .vfp11_veneer  0x0000000008000c68        0x0 linker stubs

.v4_bx          0x0000000008000c68        0x0
 .v4_bx         0x0000000008000c68        0x0 linker stubs

.iplt           0x0000000008000c68        0x0
 .iplt          0x0000000008000c68        0x0 c:/st/stm32cubeide_1.12.1/stm32cubeide/plugins/com.st.stm32cube.ide.mcu.externaltools.gnu-tools-for-stm32.10.3-2021.10.win32_1.0.200.202301161003/tools/bin/../lib/gcc/arm-none-eabi/10.3.1/thumb/v7-m/nofp/crtbegin.o

.rel.dyn        0x0000000008000c68        0x0
 .rel.iplt      0x0000000008000c68        0x0 c:/st/stm32cubeide_1.12.1/stm32cubeide/plugins/com.st.stm32cube.ide.mcu.externaltools.gnu-tools-for-stm32.10.3-2021.10.win32_1.0.200.202301161003/tools/bin/../lib/gcc/arm-none-eabi/10.3.1/thumb/v7-m/nofp/crtbegin.o

.rodata         0x0000000008000c68        0x0
                0x0000000008000c68                . = ALIGN (0x4)
 *(.rodata)
 *(.rodata*)
                0x0000000008000c68                . = ALIGN (0x4)

.ARM.extab      0x0000000008000c68        0x0
                0x0000000008000c68                . = ALIGN (0x4)
 *(.ARM.extab* .gnu.linkonce.armextab.*)
                0x0000000008000c68                . = ALIGN (0x4)

.ARM            0x0000000008000c68        0x0
                0x0000000008000c68                . = ALIGN (0x4)
                0x0000000008000c68                __exidx_start = .
 *(.ARM.exidx*)
                0x0000000008000c68                __exidx_end = .
                0x0000000008000c68                . = ALIGN (0x4)

.preinit_array  0x0000000008000c68        0x0
                0x0000000008000c68                . = ALIGN (0x4)
                0x0000000008000c68                PROVIDE (__preinit_array_start = .)
 *(.preinit_array*)
                0x0000000008000c68                PROVIDE (__preinit_array_end = .)
                0x0000000008000c68                . = ALIGN (0x4)

.init_array     0x0000000008000c68        0x4
                0x0000000008000c68                . = ALIGN (0x4)
                0x0000000008000c68                PROVIDE (__init_array_start = .)
 *(SORT_BY_NAME(.init_array.*))
 *(.init_array*)
 .init_array    0x0000000008000c68        0x4 c:/st/stm32cubeide_1.12.1/stm32cubeide/plugins/com.st.stm32cube.ide.mcu.externaltools.gnu-tools-for-stm32.10.3-2021.10.win32_1.0.200.202301161003/tools/bin/../lib/gcc/arm-none-eabi/10.3.1/thumb/v7-m/nofp/crtbegin.o
                0x0000000008000c6c                PROVIDE (__init_array_end = .)
                0x0000000008000c6c                . = ALIGN (0x4)

.fini_array     0x0000000008000c6c        0x4
                0x0000000008000c6c                . = ALIGN (0x4)
                [!provide]                        PROVIDE (__fini_array_start = .)
 *(SORT_BY_NAME(.fini_array.*))
 *(.fini_array*)
 .fini_array    0x0000000008000c6c        0x4 c:/st/stm32cubeide_1.12.1/stm32cubeide/plugins/com.st.stm32cube.ide.mcu.externaltools.gnu-tools-for-stm32.10.3-2021.10.win32_1.0.200.202301161003/tools/bin/../lib/gcc/arm-none-eabi/10.3.1/thumb/v7-m/nofp/crtbegin.o
                [!provide]                        PROVIDE (__fini_array_end = .)
                0x0000000008000c70                . = ALIGN (0x4)
                0x0000000008000c70                _sidata = LOADADDR (.data)

.data           0x0000000020000000        0x0 load address 0x0000000008000c70
                0x0000000020000000                . = ALIGN (0x4)
                0x0000000020000000                _sdata = .
 *(.data)
 *(.data*)
 *(.RamFunc)
 *(.RamFunc*)
                0x0000000020000000                . = ALIGN (0x4)
                0x0000000020000000                _edata = .

.igot.plt       0x0000000020000000        0x0 load address 0x0000000008000c70
 .igot.plt      0x0000000020000000        0x0 c:/st/stm32cubeide_1.12.1/stm32cubeide/plugins/com.st.stm32cube.ide.mcu.externaltools.gnu-tools-for-stm32.10.3-2021.10.win32_1.0.200.202301161003/tools/bin/../lib/gcc/arm-none-eabi/10.3.1/thumb/v7-m/nofp/crtbegin.o
                0x0000000020000000                . = ALIGN (0x4)

.bss            0x0000000020000000      0x13c load address 0x0000000008000c70
                0x0000000020000000                _sbss = .
                0x0000000020000000                __bss_start__ = _sbss
 *(.bss)
 .bss           0x0000000020000000       0x1c c:/st/stm32cubeide_1.12.1/stm32cubeide/plugins/com.st.stm32cube.ide.mcu.externaltools.gnu-tools-for-stm32.10.3-2021.10.win32_1.0.200.202301161003/tools/bin/../lib/gcc/arm-none-eabi/10.3.1/thumb/v7-m/nofp/crtbegin.o
 *(.bss*)
 .bss.OS_Control
                0x000000002000001c       0x44 ./ArefRTOS/src/ArefRTOS_SCHEDULER.o
                0x000000002000001c                OS_Control
 .bss.Global_QueueOfReadyTasks
                0x0000000020000060       0x34 ./ArefRTOS/src/ArefRTOS_SCHEDULER.o
                0x0000000020000060                Global_QueueOfReadyTasks
 .bss.Global_IdleTask
                0x0000000020000094       0x28 ./ArefRTOS/src/ArefRTOS_SCHEDULER.o
 .bss.IDLETaskLED
                0x00000000200000bc        0x1 ./ArefRTOS/src/ArefRTOS_SCHEDULER.o
                0x00000000200000bc                IDLETaskLED
 .bss.STKHandlerLED
                0x00000000200000bd        0x1 ./ArefRTOS/src/ArefRTOS_SCHEDULER.o
                0x00000000200000bd                STKHandlerLED
 *fill*         0x00000000200000be        0x2 
 .bss.Task1     0x00000000200000c0       0x28 ./Src/main.o
                0x00000000200000c0                Task1
 .bss.Task2     0x00000000200000e8       0x28 ./Src/main.o
                0x00000000200000e8                Task2
 .bss.Task3     0x0000000020000110       0x28 ./Src/main.o
                0x0000000020000110                Task3
 .bss.Task1LED  0x0000000020000138        0x1 ./Src/main.o
                0x0000000020000138                Task1LED
 .bss.Task2LED  0x0000000020000139        0x1 ./Src/main.o
                0x0000000020000139                Task2LED
 .bss.Task3LED  0x000000002000013a        0x1 ./Src/main.o
                0x000000002000013a                Task3LED
 *(COMMON)
                0x000000002000013c                . = ALIGN (0x4)
 *fill*         0x000000002000013b        0x1 
                0x000000002000013c                _ebss = .
                0x000000002000013c                __bss_end__ = _ebss

._user_heap_stack
                0x000000002000013c      0x604 load address 0x0000000008000c70
                0x0000000020000140                . = ALIGN (0x8)
 *fill*         0x000000002000013c        0x4 
                [!provide]                        PROVIDE (end = .)
                0x0000000020000140                PROVIDE (_end = .)
                0x0000000020000340                . = (. + _Min_Heap_Size)
 *fill*         0x0000000020000140      0x200 
                0x0000000020000340                _eheap = .
                0x0000000020000740                . = (. + _Min_Stack_Size)
 *fill*         0x0000000020000340      0x400 
                0x0000000020000740                . = ALIGN (0x8)

/DISCARD/
 libc.a(*)
 libm.a(*)
 libgcc.a(*)

.ARM.attributes
                0x0000000000000000       0x29
 *(.ARM.attributes)
 .ARM.attributes
                0x0000000000000000       0x1d c:/st/stm32cubeide_1.12.1/stm32cubeide/plugins/com.st.stm32cube.ide.mcu.externaltools.gnu-tools-for-stm32.10.3-2021.10.win32_1.0.200.202301161003/tools/bin/../lib/gcc/arm-none-eabi/10.3.1/thumb/v7-m/nofp/crti.o
 .ARM.attributes
                0x000000000000001d       0x2d c:/st/stm32cubeide_1.12.1/stm32cubeide/plugins/com.st.stm32cube.ide.mcu.externaltools.gnu-tools-for-stm32.10.3-2021.10.win32_1.0.200.202301161003/tools/bin/../lib/gcc/arm-none-eabi/10.3.1/thumb/v7-m/nofp/crtbegin.o
 .ARM.attributes
                0x000000000000004a       0x2d ./ArefRTOS/src/ArefRTOS_CIRCULARQUEUE.o
 .ARM.attributes
                0x0000000000000077       0x2d ./ArefRTOS/src/ArefRTOS_PORTING.o
 .ARM.attributes
                0x00000000000000a4       0x2d ./ArefRTOS/src/ArefRTOS_SCHEDULER.o
 .ARM.attributes
                0x00000000000000d1       0x2d ./MCAL/src/NVIC_program.o
 .ARM.attributes
                0x00000000000000fe       0x2d ./MCAL/src/SCB_program.o
 .ARM.attributes
                0x000000000000012b       0x2d ./MCAL/src/STK_program.o
 .ARM.attributes
                0x0000000000000158       0x2d ./Src/main.o
 .ARM.attributes
                0x0000000000000185       0x21 ./Startup/startup_stm32f103c6tx.o
 .ARM.attributes
                0x00000000000001a6       0x2d c:/st/stm32cubeide_1.12.1/stm32cubeide/plugins/com.st.stm32cube.ide.mcu.externaltools.gnu-tools-for-stm32.10.3-2021.10.win32_1.0.200.202301161003/tools/bin/../lib/gcc/arm-none-eabi/10.3.1/../../../../arm-none-eabi/lib/thumb/v7-m/nofp\libc_nano.a(lib_a-init.o)
 .ARM.attributes
                0x00000000000001d3       0x1d c:/st/stm32cubeide_1.12.1/stm32cubeide/plugins/com.st.stm32cube.ide.mcu.externaltools.gnu-tools-for-stm32.10.3-2021.10.win32_1.0.200.202301161003/tools/bin/../lib/gcc/arm-none-eabi/10.3.1/thumb/v7-m/nofp/crtn.o
OUTPUT(ArefRTOS.axf elf32-littlearm)
LOAD linker stubs
LOAD c:/st/stm32cubeide_1.12.1/stm32cubeide/plugins/com.st.stm32cube.ide.mcu.externaltools.gnu-tools-for-stm32.10.3-2021.10.win32_1.0.200.202301161003/tools/bin/../lib/gcc/arm-none-eabi/10.3.1/../../../../arm-none-eabi/lib/thumb/v7-m/nofp\libc.a
LOAD c:/st/stm32cubeide_1.12.1/stm32cubeide/plugins/com.st.stm32cube.ide.mcu.externaltools.gnu-tools-for-stm32.10.3-2021.10.win32_1.0.200.202301161003/tools/bin/../lib/gcc/arm-none-eabi/10.3.1/../../../../arm-none-eabi/lib/thumb/v7-m/nofp\libm.a
LOAD c:/st/stm32cubeide_1.12.1/stm32cubeide/plugins/com.st.stm32cube.ide.mcu.externaltools.gnu-tools-for-stm32.10.3-2021.10.win32_1.0.200.202301161003/tools/bin/../lib/gcc/arm-none-eabi/10.3.1/thumb/v7-m/nofp\libgcc.a

.debug_info     0x0000000000000000     0x1b35
 .debug_info    0x0000000000000000      0x345 ./ArefRTOS/src/ArefRTOS_CIRCULARQUEUE.o
 .debug_info    0x0000000000000345      0x16b ./ArefRTOS/src/ArefRTOS_PORTING.o
 .debug_info    0x00000000000004b0      0x845 ./ArefRTOS/src/ArefRTOS_SCHEDULER.o
 .debug_info    0x0000000000000cf5      0x4e3 ./MCAL/src/NVIC_program.o
 .debug_info    0x00000000000011d8       0x9e ./MCAL/src/SCB_program.o
 .debug_info    0x0000000000001276      0x56b ./MCAL/src/STK_program.o
 .debug_info    0x00000000000017e1      0x332 ./Src/main.o
 .debug_info    0x0000000000001b13       0x22 ./Startup/startup_stm32f103c6tx.o

.debug_abbrev   0x0000000000000000      0x8dc
 .debug_abbrev  0x0000000000000000      0x109 ./ArefRTOS/src/ArefRTOS_CIRCULARQUEUE.o
 .debug_abbrev  0x0000000000000109       0xca ./ArefRTOS/src/ArefRTOS_PORTING.o
 .debug_abbrev  0x00000000000001d3      0x33d ./ArefRTOS/src/ArefRTOS_SCHEDULER.o
 .debug_abbrev  0x0000000000000510      0x120 ./MCAL/src/NVIC_program.o
 .debug_abbrev  0x0000000000000630       0x58 ./MCAL/src/SCB_program.o
 .debug_abbrev  0x0000000000000688      0x13c ./MCAL/src/STK_program.o
 .debug_abbrev  0x00000000000007c4      0x106 ./Src/main.o
 .debug_abbrev  0x00000000000008ca       0x12 ./Startup/startup_stm32f103c6tx.o

.debug_loc      0x0000000000000000      0x874
 .debug_loc     0x0000000000000000      0x170 ./ArefRTOS/src/ArefRTOS_CIRCULARQUEUE.o
 .debug_loc     0x0000000000000170      0x164 ./ArefRTOS/src/ArefRTOS_PORTING.o
 .debug_loc     0x00000000000002d4      0x34c ./ArefRTOS/src/ArefRTOS_SCHEDULER.o
 .debug_loc     0x0000000000000620       0x88 ./MCAL/src/NVIC_program.o
 .debug_loc     0x00000000000006a8       0x44 ./MCAL/src/SCB_program.o
 .debug_loc     0x00000000000006ec       0xd8 ./MCAL/src/STK_program.o
 .debug_loc     0x00000000000007c4       0xb0 ./Src/main.o

.debug_aranges  0x0000000000000000      0x1e0
 .debug_aranges
                0x0000000000000000       0x38 ./ArefRTOS/src/ArefRTOS_CIRCULARQUEUE.o
 .debug_aranges
                0x0000000000000038       0x58 ./ArefRTOS/src/ArefRTOS_PORTING.o
 .debug_aranges
                0x0000000000000090       0x78 ./ArefRTOS/src/ArefRTOS_SCHEDULER.o
 .debug_aranges
                0x0000000000000108       0x28 ./MCAL/src/NVIC_program.o
 .debug_aranges
                0x0000000000000130       0x20 ./MCAL/src/SCB_program.o
 .debug_aranges
                0x0000000000000150       0x30 ./MCAL/src/STK_program.o
 .debug_aranges
                0x0000000000000180       0x38 ./Src/main.o
 .debug_aranges
                0x00000000000001b8       0x28 ./Startup/startup_stm32f103c6tx.o

.debug_ranges   0x0000000000000000      0x168
 .debug_ranges  0x0000000000000000       0x28 ./ArefRTOS/src/ArefRTOS_CIRCULARQUEUE.o
 .debug_ranges  0x0000000000000028       0x48 ./ArefRTOS/src/ArefRTOS_PORTING.o
 .debug_ranges  0x0000000000000070       0x68 ./ArefRTOS/src/ArefRTOS_SCHEDULER.o
 .debug_ranges  0x00000000000000d8       0x18 ./MCAL/src/NVIC_program.o
 .debug_ranges  0x00000000000000f0       0x10 ./MCAL/src/SCB_program.o
 .debug_ranges  0x0000000000000100       0x20 ./MCAL/src/STK_program.o
 .debug_ranges  0x0000000000000120       0x28 ./Src/main.o
 .debug_ranges  0x0000000000000148       0x20 ./Startup/startup_stm32f103c6tx.o

.debug_macro    0x0000000000000000     0x253f
 .debug_macro   0x0000000000000000      0x139 ./ArefRTOS/src/ArefRTOS_CIRCULARQUEUE.o
 .debug_macro   0x0000000000000139      0xa72 ./ArefRTOS/src/ArefRTOS_CIRCULARQUEUE.o
 .debug_macro   0x0000000000000bab       0x40 ./ArefRTOS/src/ArefRTOS_CIRCULARQUEUE.o
 .debug_macro   0x0000000000000beb       0x10 ./ArefRTOS/src/ArefRTOS_CIRCULARQUEUE.o
 .debug_macro   0x0000000000000bfb       0x16 ./ArefRTOS/src/ArefRTOS_CIRCULARQUEUE.o
 .debug_macro   0x0000000000000c11       0x22 ./ArefRTOS/src/ArefRTOS_CIRCULARQUEUE.o
 .debug_macro   0x0000000000000c33       0x22 ./ArefRTOS/src/ArefRTOS_CIRCULARQUEUE.o
 .debug_macro   0x0000000000000c55       0x8e ./ArefRTOS/src/ArefRTOS_CIRCULARQUEUE.o
 .debug_macro   0x0000000000000ce3       0x51 ./ArefRTOS/src/ArefRTOS_CIRCULARQUEUE.o
 .debug_macro   0x0000000000000d34      0x103 ./ArefRTOS/src/ArefRTOS_CIRCULARQUEUE.o
 .debug_macro   0x0000000000000e37       0x6a ./ArefRTOS/src/ArefRTOS_CIRCULARQUEUE.o
 .debug_macro   0x0000000000000ea1      0x1df ./ArefRTOS/src/ArefRTOS_CIRCULARQUEUE.o
 .debug_macro   0x0000000000001080       0x1c ./ArefRTOS/src/ArefRTOS_CIRCULARQUEUE.o
 .debug_macro   0x000000000000109c       0x22 ./ArefRTOS/src/ArefRTOS_CIRCULARQUEUE.o
 .debug_macro   0x00000000000010be       0xdf ./ArefRTOS/src/ArefRTOS_CIRCULARQUEUE.o
 .debug_macro   0x000000000000119d      0xd08 ./ArefRTOS/src/ArefRTOS_CIRCULARQUEUE.o
 .debug_macro   0x0000000000001ea5       0x7c ./ArefRTOS/src/ArefRTOS_CIRCULARQUEUE.o
 .debug_macro   0x0000000000001f21       0x16 ./ArefRTOS/src/ArefRTOS_CIRCULARQUEUE.o
 .debug_macro   0x0000000000001f37       0x10 ./ArefRTOS/src/ArefRTOS_CIRCULARQUEUE.o
 .debug_macro   0x0000000000001f47       0x10 ./ArefRTOS/src/ArefRTOS_CIRCULARQUEUE.o
 .debug_macro   0x0000000000001f57      0x12d ./ArefRTOS/src/ArefRTOS_PORTING.o
 .debug_macro   0x0000000000002084      0x179 ./ArefRTOS/src/ArefRTOS_SCHEDULER.o
 .debug_macro   0x00000000000021fd       0xdb ./MCAL/src/NVIC_program.o
 .debug_macro   0x00000000000022d8       0x46 ./MCAL/src/SCB_program.o
 .debug_macro   0x000000000000231e       0x1c ./MCAL/src/SCB_program.o
 .debug_macro   0x000000000000233a       0xdb ./MCAL/src/STK_program.o
 .debug_macro   0x0000000000002415      0x12a ./Src/main.o

.debug_line     0x0000000000000000     0x2b04
 .debug_line    0x0000000000000000      0x6a3 ./ArefRTOS/src/ArefRTOS_CIRCULARQUEUE.o
 .debug_line    0x00000000000006a3      0x68a ./ArefRTOS/src/ArefRTOS_PORTING.o
 .debug_line    0x0000000000000d2d      0xabb ./ArefRTOS/src/ArefRTOS_SCHEDULER.o
 .debug_line    0x00000000000017e8      0x565 ./MCAL/src/NVIC_program.o
 .debug_line    0x0000000000001d4d      0x145 ./MCAL/src/SCB_program.o
 .debug_line    0x0000000000001e92      0x59a ./MCAL/src/STK_program.o
 .debug_line    0x000000000000242c      0x654 ./Src/main.o
 .debug_line    0x0000000000002a80       0x84 ./Startup/startup_stm32f103c6tx.o

.debug_str      0x0000000000000000     0x9fa4
 .debug_str     0x0000000000000000     0x94e1 ./ArefRTOS/src/ArefRTOS_CIRCULARQUEUE.o
                                       0x965d (size before relaxing)
 .debug_str     0x00000000000094e1      0x15b ./ArefRTOS/src/ArefRTOS_PORTING.o
                                       0x94fd (size before relaxing)
 .debug_str     0x000000000000963c      0x562 ./ArefRTOS/src/ArefRTOS_SCHEDULER.o
                                       0x9c19 (size before relaxing)
 .debug_str     0x0000000000009b9e      0x25c ./MCAL/src/NVIC_program.o
                                       0x9168 (size before relaxing)
 .debug_str     0x0000000000009dfa       0xb4 ./MCAL/src/SCB_program.o
                                       0x3117 (size before relaxing)
 .debug_str     0x0000000000009eae       0x73 ./MCAL/src/STK_program.o
                                       0x9197 (size before relaxing)
 .debug_str     0x0000000000009f21       0x52 ./Src/main.o
                                       0x9646 (size before relaxing)
 .debug_str     0x0000000000009f73       0x31 ./Startup/startup_stm32f103c6tx.o
                                         0x79 (size before relaxing)

.comment        0x0000000000000000       0x50
 .comment       0x0000000000000000       0x50 ./ArefRTOS/src/ArefRTOS_CIRCULARQUEUE.o
                                         0x51 (size before relaxing)
 .comment       0x0000000000000050       0x51 ./ArefRTOS/src/ArefRTOS_PORTING.o
 .comment       0x0000000000000050       0x51 ./ArefRTOS/src/ArefRTOS_SCHEDULER.o
 .comment       0x0000000000000050       0x51 ./MCAL/src/NVIC_program.o
 .comment       0x0000000000000050       0x51 ./MCAL/src/SCB_program.o
 .comment       0x0000000000000050       0x51 ./MCAL/src/STK_program.o
 .comment       0x0000000000000050       0x51 ./Src/main.o

.debug_frame    0x0000000000000000      0x4d0
 .debug_frame   0x0000000000000000       0xb0 ./ArefRTOS/src/ArefRTOS_CIRCULARQUEUE.o
 .debug_frame   0x00000000000000b0       0xe0 ./ArefRTOS/src/ArefRTOS_PORTING.o
 .debug_frame   0x0000000000000190      0x1a4 ./ArefRTOS/src/ArefRTOS_SCHEDULER.o
 .debug_frame   0x0000000000000334       0x54 ./MCAL/src/NVIC_program.o
 .debug_frame   0x0000000000000388       0x30 ./MCAL/src/SCB_program.o
 .debug_frame   0x00000000000003b8       0x78 ./MCAL/src/STK_program.o
 .debug_frame   0x0000000000000430       0x74 ./Src/main.o
 .debug_frame   0x00000000000004a4       0x2c c:/st/stm32cubeide_1.12.1/stm32cubeide/plugins/com.st.stm32cube.ide.mcu.externaltools.gnu-tools-for-stm32.10.3-2021.10.win32_1.0.200.202301161003/tools/bin/../lib/gcc/arm-none-eabi/10.3.1/../../../../arm-none-eabi/lib/thumb/v7-m/nofp\libc_nano.a(lib_a-init.o)
