../ArefRTOS/src/ArefRTOS_SCHEDULER.c:112:25:ArefRTOS_staticMainStack	16	static
../ArefRTOS/src/ArefRTOS_SCHEDULER.c:128:13:ArefRTOS_voidIdleTask	4	static
../ArefRTOS/src/ArefRTOS_SCHEDULER.c:202:13:ArefRTOS_voidBubbleSort	16	static
../ArefRTOS/src/ArefRTOS_SCHEDULER.c:219:13:ArefRTOS_voidFirstStageScheduler	24	static
../ArefRTOS/src/ArefRTOS_SCHEDULER.c:289:13:ArefRTOS_voidSecondStageDispatcher	16	static
../ArefRTOS/src/ArefRTOS_SCHEDULER.c:325:18:ArefRTOS_voidActivateTask	24	static
../ArefRTOS/src/ArefRTOS_SCHEDULER.c:348:18:ArefRTOS_voidCreateTask	32	static
../ArefRTOS/src/ArefRTOS_SCHEDULER.c:386:18:ArefRTOS_voidInit	16	static
../ArefRTOS/src/ArefRTOS_SCHEDULER.c:411:18:ArefRTOS_voidStartScheduler	16	static,ignoring_inline_asm
../ArefRTOS/src/ArefRTOS_SCHEDULER.c:440:6:ArefRTOS_SVC_CALL	24	static
../ArefRTOS/src/ArefRTOS_SCHEDULER.c:485:18:PendSV_Handler	0	static,ignoring_inline_asm
../ArefRTOS/src/ArefRTOS_SCHEDULER.c:580:6:SysTick_Handler	8	static
