../ArefRTOS/src/ArefRTOS_SCHEDULER.c:112:25:ArefRTOS_staticMainStack	16	static
../ArefRTOS/src/ArefRTOS_SCHEDULER.c:128:13:ArefRTOS_voidIdleTask	4	static,ignoring_inline_asm
../ArefRTOS/src/ArefRTOS_SCHEDULER.c:206:13:ArefRTOS_voidBubbleSort	16	static
../ArefRTOS/src/ArefRTOS_SCHEDULER.c:223:13:ArefRTOS_voidFirstStageScheduler	24	static
../ArefRTOS/src/ArefRTOS_SCHEDULER.c:293:13:ArefRTOS_voidSecondStageDispatcher	16	static
../ArefRTOS/src/ArefRTOS_SCHEDULER.c:341:18:ArefRTOS_voidCreateTask	32	static
../ArefRTOS/src/ArefRTOS_SCHEDULER.c:379:18:ArefRTOS_voidInit	16	static
../ArefRTOS/src/ArefRTOS_SCHEDULER.c:404:18:ArefRTOS_voidActivateTask	24	static
../ArefRTOS/src/ArefRTOS_SCHEDULER.c:423:18:ArefRTOS_voidTerminateTask	24	static
../ArefRTOS/src/ArefRTOS_SCHEDULER.c:442:18:ArefRTOS_voidTaskDelay	24	static
../ArefRTOS/src/ArefRTOS_SCHEDULER.c:457:18:ArefRTOS_voidStartScheduler	16	static,ignoring_inline_asm
../ArefRTOS/src/ArefRTOS_SCHEDULER.c:486:6:ArefRTOS_SVC_CALL	24	static
../ArefRTOS/src/ArefRTOS_SCHEDULER.c:555:18:PendSV_Handler	0	static,ignoring_inline_asm
../ArefRTOS/src/ArefRTOS_SCHEDULER.c:650:6:SysTick_Handler	16	static
