../ArefRTOS/src/ArefRTOS_PORTING.c:44:6:ArefRTOS_voidCallService	16	static,ignoring_inline_asm
../ArefRTOS/src/ArefRTOS_PORTING.c:61:6:ArefRTOS_voidHardwareInit	8	static
../ArefRTOS/src/ArefRTOS_PORTING.c:69:6:ArefRTOS_voidStartTicker	8	static
../ArefRTOS/src/ArefRTOS_PORTING.c:77:24:HardFault_Handler	4	static
../ArefRTOS/src/ArefRTOS_PORTING.c:82:24:MemManage_Handler	4	static
../ArefRTOS/src/ArefRTOS_PORTING.c:87:24:BusFault_Handler	4	static
../ArefRTOS/src/ArefRTOS_PORTING.c:92:28:UsageFault_Handler	4	static
../ArefRTOS/src/ArefRTOS_PORTING.c:103:18:SVC_Handler	0	static,ignoring_inline_asm
