../ArefRTOS/src/ArefRTOS_SCHEDULER.c:120:25:ArefRTOS_staticMainStack	16	static
../ArefRTOS/src/ArefRTOS_SCHEDULER.c:136:13:ArefRTOS_voidIdleTask	4	static,ignoring_inline_asm
../ArefRTOS/src/ArefRTOS_SCHEDULER.c:214:13:ArefRTOS_voidBubbleSort	16	static
../ArefRTOS/src/ArefRTOS_SCHEDULER.c:231:13:ArefRTOS_voidFirstStageScheduler	24	static
../ArefRTOS/src/ArefRTOS_SCHEDULER.c:301:13:ArefRTOS_voidSecondStageDispatcher	16	static
../ArefRTOS/src/ArefRTOS_SCHEDULER.c:352:18:ArefRTOS_voidCreateTask	32	static
../ArefRTOS/src/ArefRTOS_SCHEDULER.c:390:18:ArefRTOS_voidInit	16	static
../ArefRTOS/src/ArefRTOS_SCHEDULER.c:415:18:ArefRTOS_voidActivateTask	24	static
../ArefRTOS/src/ArefRTOS_SCHEDULER.c:434:18:ArefRTOS_voidTerminateTask	24	static
../ArefRTOS/src/ArefRTOS_SCHEDULER.c:453:18:ArefRTOS_voidTaskDelay	24	static
../ArefRTOS/src/ArefRTOS_SCHEDULER.c:468:18:ArefRTOS_voidStartScheduler	16	static,ignoring_inline_asm
../ArefRTOS/src/ArefRTOS_SCHEDULER.c:497:18:ArefRTOS_CreateMutex	24	static
../ArefRTOS/src/ArefRTOS_SCHEDULER.c:528:18:ArefRTOS_AquireMutex	24	static
../ArefRTOS/src/ArefRTOS_SCHEDULER.c:614:18:ArefRTOS_ReleaseMutex	24	static
../ArefRTOS/src/ArefRTOS_SCHEDULER.c:690:18:ArefRTOS_voidSendItemToQueue	24	static
../ArefRTOS/src/ArefRTOS_SCHEDULER.c:718:18:ArefRTOS_RecieveItemFromQueue	24	static
../ArefRTOS/src/ArefRTOS_SCHEDULER.c:752:18:ArefRTOS_ResetQueue	16	static
../ArefRTOS/src/ArefRTOS_SCHEDULER.c:773:6:ArefRTOS_SVC_CALL	24	static
../ArefRTOS/src/ArefRTOS_SCHEDULER.c:843:18:PendSV_Handler	0	static,ignoring_inline_asm
../ArefRTOS/src/ArefRTOS_SCHEDULER.c:929:6:SysTick_Handler	16	static
