../ArefRTOS/src/ArefRTOS_PORTING.c:44:6:ArefRTOS_voidCallService	16	static,ignoring_inline_asm
../ArefRTOS/src/ArefRTOS_PORTING.c:64:6:ArefRTOS_voidHardwareInit	8	static
../ArefRTOS/src/ArefRTOS_PORTING.c:72:6:ArefRTOS_voidStartTicker	8	static
../ArefRTOS/src/ArefRTOS_PORTING.c:80:24:HardFault_Handler	4	static
../ArefRTOS/src/ArefRTOS_PORTING.c:85:24:MemManage_Handler	4	static
../ArefRTOS/src/ArefRTOS_PORTING.c:90:24:BusFault_Handler	4	static
../ArefRTOS/src/ArefRTOS_PORTING.c:95:28:UsageFault_Handler	4	static
../ArefRTOS/src/ArefRTOS_PORTING.c:106:18:SVC_Handler	0	static,ignoring_inline_asm
